8 6
2 1.5
-6.1232339957368e-17 1
img/ownwalls/bricks.ppm img/ownwalls/wood.ppm img/ownwalls/bricks.ppm
img/ownwalls/bricks.ppm img/ownwalls/wood.ppm img/ownwalls/bricks.ppm
img/ownwalls/bricks.ppm img/ownwalls/wood.ppm img/ownwalls/bricks.ppm
img/ownwalls/bricks.ppm img/ownwalls/wood.ppm img/ownwalls/bricks.ppm
img/ownwalls/bricks.ppm img/ownwalls/wood.ppm img/ownwalls/bricks.ppm
img/ownwalls/bricks.ppm img/ownwalls/wood.ppm img/ownwalls/bricks.ppm
img/ownwalls/bricks.ppm img/ownwalls/wood.ppm img/ownwalls/bricks.ppm
img/ownwalls/bricks.ppm img/ownwalls/wood.ppm img/ownwalls/bricks.ppm
img/ownwalls/bricks.ppm img/ownwalls/wood.ppm img/ownwalls/bricks.ppm
img/ownwalls/bricks.ppm  img/ownwalls/bricks.ppm
img/ownwalls/bricks.ppm  img/ownwalls/bricks.ppm
img/ownwalls/bricks.ppm img/ownwalls/wood.ppm img/ownwalls/bricks.ppm
img/ownwalls/bricks.ppm img/ownwalls/wood.ppm img/ownwalls/bricks.ppm
img/ownwalls/bricks.ppm img/ownwalls/wood.ppm img/ownwalls/bricks.ppm
img/ownwalls/bricks.ppm img/ownwalls/wood.ppm img/ownwalls/bricks.ppm
img/ownwalls/bricks.ppm img/ownwalls/wood.ppm img/ownwalls/bricks.ppm
img/ownwalls/bricks.ppm img/ownwalls/wood.ppm img/ownwalls/bricks.ppm
img/ownwalls/bricks.ppm  img/ownwalls/bricks.ppm
img/ownwalls/bricks.ppm  img/ownwalls/bricks.ppm
img/ownwalls/bricks.ppm  img/ownwalls/bricks.ppm
img/ownwalls/bricks.ppm  img/ownwalls/bricks.ppm
img/ownwalls/bricks.ppm  img/ownwalls/bricks.ppm
img/ownwalls/bricks.ppm  img/ownwalls/bricks.ppm
img/ownwalls/bricks.ppm img/ownwalls/wood.ppm img/ownwalls/bricks.ppm
img/ownwalls/bricks.ppm img/ownwalls/wood.ppm img/ownwalls/bricks.ppm
img/ownwalls/bricks.ppm  img/ownwalls/bricks.ppm
img/ownwalls/bricks.ppm  img/ownwalls/bricks.ppm
img/ownwalls/bricks.ppm  img/ownwalls/bricks.ppm
img/ownwalls/bricks.ppm  img/ownwalls/bricks.ppm
img/ownwalls/bricks.ppm  img/ownwalls/bricks.ppm
img/ownwalls/bricks.ppm  img/ownwalls/bricks.ppm
img/ownwalls/bricks.ppm img/ownwalls/wood.ppm img/ownwalls/bricks.ppm
img/ownwalls/bricks.ppm img/ownwalls/wood.ppm img/ownwalls/bricks.ppm
img/ownwalls/bricks.ppm  img/ownwalls/bricks.ppm
img/ownwalls/bricks.ppm  img/ownwalls/bricks.ppm
img/ownwalls/bricks.ppm  img/ownwalls/bricks.ppm
img/ownwalls/bricks.ppm  img/ownwalls/bricks.ppm
img/ownwalls/bricks.ppm  img/ownwalls/bricks.ppm
img/ownwalls/bricks.ppm  img/ownwalls/bricks.ppm
img/ownwalls/bricks.ppm img/ownwalls/wood.ppm img/ownwalls/bricks.ppm
img/ownwalls/bricks.ppm img/ownwalls/wood.ppm img/ownwalls/bricks.ppm
img/ownwalls/bricks.ppm img/ownwalls/wood.ppm img/ownwalls/bricks.ppm
img/ownwalls/bricks.ppm img/ownwalls/wood.ppm img/ownwalls/bricks.ppm
img/ownwalls/bricks.ppm img/ownwalls/wood.ppm img/ownwalls/bricks.ppm
img/ownwalls/bricks.ppm img/ownwalls/wood.ppm img/ownwalls/bricks.ppm
img/ownwalls/bricks.ppm img/ownwalls/wood.ppm img/ownwalls/bricks.ppm
img/ownwalls/bricks.ppm img/ownwalls/wood.ppm img/ownwalls/bricks.ppm
img/ownwalls/bricks.ppm img/ownwalls/wood.ppm img/ownwalls/bricks.ppm
2 1.5 img/RandomOBJs/Sign.ppm 5
2.5 3.5 img/LightOBJs/HangingLight2.ppm-img/LightOBJs/HangingLight3.ppm-img/LightOBJs/HangingLight1.ppm 2 255 120 0 100 33 20
5.5 2.5 img/LightOBJs/HangingLight2.ppm-img/LightOBJs/HangingLight3.ppm-img/LightOBJs/HangingLight1.ppm 2 255 120 0 100 33 20
5.5 4.5 img/LightOBJs/HangingLight2.ppm-img/LightOBJs/HangingLight3.ppm-img/LightOBJs/HangingLight1.ppm 2 255 120 0 100 33 20
5.5 3.5 img/bs/bs1.ppm-img/bs/bs2.ppm-img/bs/bs3.ppm