10 8
8 6
-6.1232339957368e-17 -1
 img/ownwalls/bricks.ppm 
 img/ownwalls/bricks.ppm 
 img/ownwalls/bricks.ppm 
 img/ownwalls/bricks.ppm 
 img/ownwalls/bricks.ppm 
 img/ownwalls/bricks.ppm 
 img/ownwalls/bricks.ppm 
 img/ownwalls/bricks.ppm 
 img/ownwalls/bricks.ppm 
 img/ownwalls/bricks.ppm 
 img/ownwalls/bricks.ppm 
  
  
  
  
  
  
  
  
 img/ownwalls/bricks.ppm 
 img/ownwalls/bricks.ppm 
  
  
  
  
  
  
  
  
 img/ownwalls/bricks.ppm 
 img/ownwalls/bricks.ppm 
  
  
 img/ownwalls/bricks.ppm 
 img/ownwalls/bricks.ppm 
 img/ownwalls/bricks.ppm 
 img/ownwalls/bricks.ppm 
  
  
 img/ownwalls/bricks.ppm 
 img/ownwalls/bricks.ppm 
  
  
 img/ownwalls/bricks.ppm 
 img/ownwalls/bricks.ppm 
 img/ownwalls/bricks.ppm 
 img/ownwalls/bricks.ppm 
  
  
 img/ownwalls/bricks.ppm 
 img/ownwalls/bricks.ppm 
  
  
 img/ownwalls/bricks.ppm 
 img/ownwalls/bricks.ppm 
 img/ownwalls/bricks.ppm 
 img/ownwalls/bricks.ppm 
  
  
 img/ownwalls/bricks.ppm 
 img/ownwalls/bricks.ppm 
  
  
 img/ownwalls/bricks.ppm 
 img/ownwalls/bricks.ppm 
 img/ownwalls/bricks.ppm 
 img/ownwalls/bricks.ppm 
  
  
 img/ownwalls/bricks.ppm 
 img/ownwalls/bricks.ppm 
 img/ownwalls/bricks.ppm 
 img/ownwalls/bricks.ppm 
 img/ownwalls/bricks.ppm 
 img/ownwalls/bricks.ppm 
 img/ownwalls/bricks.ppm 
 img/ownwalls/bricks.ppm 
 img/ownwalls/bricks.ppm 
 img/ownwalls/bricks.ppm 
 img/ownwalls/bricks.ppm 
7.5 1.5 img/bs/SomeAstralBody.ppm 4 2 0 1
2 5 img/enemy/bat1.ppm-img/enemy/bat2.ppm 3 6 2 1 10 10 5
2 6.5 img/RandomOBJs/Sign.ppm 1 3 1 1