50 50
25 21.5
-6.1232339957368e-17 -1
img/ownwalls/grass.ppm img/ownwalls/bricks.ppm 
img/ownwalls/grass.ppm img/ownwalls/bricks.ppm 
img/ownwalls/grass.ppm img/ownwalls/bricks.ppm 
img/ownwalls/grass.ppm img/ownwalls/bricks.ppm 
img/ownwalls/grass.ppm img/ownwalls/bricks.ppm 
img/ownwalls/grass.ppm img/ownwalls/bricks.ppm 
img/ownwalls/grass.ppm img/ownwalls/bricks.ppm 
img/ownwalls/grass.ppm img/ownwalls/bricks.ppm 
img/ownwalls/grass.ppm img/ownwalls/bricks.ppm 
img/ownwalls/grass.ppm img/ownwalls/bricks.ppm 
img/ownwalls/grass.ppm img/ownwalls/bricks.ppm 
img/ownwalls/grass.ppm img/ownwalls/bricks.ppm 
img/ownwalls/grass.ppm img/ownwalls/bricks.ppm 
img/ownwalls/grass.ppm img/ownwalls/bricks.ppm 
img/ownwalls/grass.ppm img/ownwalls/bricks.ppm 
img/ownwalls/grass.ppm img/ownwalls/bricks.ppm 
img/ownwalls/grass.ppm img/ownwalls/bricks.ppm 
img/ownwalls/grass.ppm img/ownwalls/bricks.ppm 
img/ownwalls/grass.ppm img/ownwalls/bricks.ppm 
img/ownwalls/grass.ppm img/ownwalls/bricks.ppm 
img/ownwalls/grass.ppm img/ownwalls/bricks.ppm 
img/ownwalls/grass.ppm img/ownwalls/bricks.ppm 
img/ownwalls/grass.ppm img/ownwalls/bricks.ppm 
img/ownwalls/grass.ppm img/ownwalls/bricks.ppm 
img/ownwalls/grass.ppm img/ownwalls/bricks.ppm 
img/ownwalls/grass.ppm img/ownwalls/bricks.ppm 
img/ownwalls/grass.ppm img/ownwalls/bricks.ppm 
img/ownwalls/grass.ppm img/ownwalls/bricks.ppm 
img/ownwalls/grass.ppm img/ownwalls/bricks.ppm 
img/ownwalls/grass.ppm img/ownwalls/bricks.ppm 
img/ownwalls/grass.ppm img/ownwalls/bricks.ppm 
img/ownwalls/grass.ppm img/ownwalls/bricks.ppm 
img/ownwalls/grass.ppm img/ownwalls/bricks.ppm 
img/ownwalls/grass.ppm img/ownwalls/bricks.ppm 
img/ownwalls/grass.ppm img/ownwalls/bricks.ppm 
img/ownwalls/grass.ppm img/ownwalls/bricks.ppm 
img/ownwalls/grass.ppm img/ownwalls/bricks.ppm 
img/ownwalls/grass.ppm img/ownwalls/bricks.ppm 
img/ownwalls/grass.ppm img/ownwalls/bricks.ppm 
img/ownwalls/grass.ppm img/ownwalls/bricks.ppm 
img/ownwalls/grass.ppm img/ownwalls/bricks.ppm 
img/ownwalls/grass.ppm img/ownwalls/bricks.ppm 
img/ownwalls/grass.ppm img/ownwalls/bricks.ppm 
img/ownwalls/grass.ppm img/ownwalls/bricks.ppm 
img/ownwalls/grass.ppm img/ownwalls/bricks.ppm 
img/ownwalls/grass.ppm img/ownwalls/bricks.ppm 
img/ownwalls/grass.ppm img/ownwalls/bricks.ppm 
img/ownwalls/grass.ppm img/ownwalls/bricks.ppm 
img/ownwalls/grass.ppm img/ownwalls/bricks.ppm 
img/ownwalls/grass.ppm img/ownwalls/bricks.ppm 
img/ownwalls/grass.ppm img/ownwalls/bricks.ppm 
img/ownwalls/grass.ppm img/ownwalls/bricks.ppm 
img/ownwalls/grass.ppm img/ownwalls/bricks.ppm 
img/ownwalls/grass.ppm img/ownwalls/bricks.ppm 
img/ownwalls/grass.ppm img/ownwalls/bricks.ppm 
img/ownwalls/grass.ppm img/ownwalls/bricks.ppm 
img/ownwalls/grass.ppm img/ownwalls/bricks.ppm 
img/ownwalls/grass.ppm img/ownwalls/bricks.ppm 
img/ownwalls/grass.ppm img/ownwalls/bricks.ppm 
img/ownwalls/grass.ppm img/ownwalls/bricks.ppm 
img/ownwalls/grass.ppm img/ownwalls/bricks.ppm 
img/ownwalls/grass.ppm img/ownwalls/bricks.ppm 
img/ownwalls/grass.ppm img/ownwalls/bricks.ppm 
img/ownwalls/grass.ppm img/ownwalls/bricks.ppm 
img/ownwalls/grass.ppm img/ownwalls/bricks.ppm 
img/ownwalls/grass.ppm img/ownwalls/bricks.ppm 
img/ownwalls/grass.ppm img/ownwalls/bricks.ppm 
img/ownwalls/grass.ppm img/ownwalls/bricks.ppm 
img/ownwalls/grass.ppm img/ownwalls/bricks.ppm 
img/ownwalls/grass.ppm img/ownwalls/bricks.ppm 
img/ownwalls/grass.ppm img/ownwalls/bricks.ppm 
img/ownwalls/grass.ppm img/ownwalls/bricks.ppm 
img/ownwalls/grass.ppm img/ownwalls/bricks.ppm 
img/ownwalls/grass.ppm img/ownwalls/bricks.ppm 
img/ownwalls/grass.ppm img/ownwalls/bricks.ppm 
img/ownwalls/grass.ppm img/ownwalls/bricks.ppm 
img/ownwalls/grass.ppm img/ownwalls/bricks.ppm 
img/ownwalls/grass.ppm img/ownwalls/bricks.ppm 
img/ownwalls/grass.ppm img/ownwalls/bricks.ppm 
img/ownwalls/grass.ppm img/ownwalls/bricks.ppm 
img/ownwalls/grass.ppm img/ownwalls/bricks.ppm 
img/ownwalls/grass.ppm img/ownwalls/bricks.ppm 
img/ownwalls/grass.ppm img/ownwalls/bricks.ppm 
img/ownwalls/grass.ppm img/ownwalls/bricks.ppm 
img/ownwalls/grass.ppm img/ownwalls/bricks.ppm 
img/ownwalls/grass.ppm img/ownwalls/bricks.ppm 
img/ownwalls/grass.ppm img/ownwalls/bricks.ppm 
img/ownwalls/grass.ppm img/ownwalls/bricks.ppm 
img/ownwalls/grass.ppm img/ownwalls/bricks.ppm 
img/ownwalls/grass.ppm  
img/ownwalls/grass.ppm img/ownwalls/bricks.ppm 
img/ownwalls/grass.ppm img/ownwalls/bricks.ppm 
img/ownwalls/grass.ppm img/ownwalls/bricks.ppm 
img/ownwalls/grass.ppm img/ownwalls/bricks.ppm 
img/ownwalls/grass.ppm img/ownwalls/bricks.ppm 
img/ownwalls/grass.ppm img/ownwalls/bricks.ppm 
img/ownwalls/grass.ppm img/ownwalls/bricks.ppm 
img/ownwalls/grass.ppm img/ownwalls/bricks.ppm 
img/ownwalls/grass.ppm img/ownwalls/bricks.ppm 
img/ownwalls/grass.ppm img/ownwalls/bricks.ppm 
img/ownwalls/grass.ppm img/ownwalls/bricks.ppm 
img/ownwalls/grass.ppm img/ownwalls/bricks.ppm 
img/ownwalls/grass.ppm img/ownwalls/bricks.ppm 
img/ownwalls/grass.ppm img/ownwalls/bricks.ppm 
img/ownwalls/grass.ppm img/ownwalls/bricks.ppm 
img/ownwalls/grass.ppm img/ownwalls/bricks.ppm 
img/ownwalls/grass.ppm img/ownwalls/bricks.ppm 
img/ownwalls/grass.ppm img/ownwalls/bricks.ppm 
img/ownwalls/grass.ppm img/ownwalls/bricks.ppm 
img/ownwalls/grass.ppm img/ownwalls/bricks.ppm 
img/ownwalls/grass.ppm img/ownwalls/bricks.ppm 
img/ownwalls/grass.ppm img/ownwalls/bricks.ppm 
img/ownwalls/grass.ppm img/ownwalls/bricks.ppm 
img/ownwalls/grass.ppm img/ownwalls/bricks.ppm 
img/ownwalls/grass.ppm img/ownwalls/bricks.ppm 
img/ownwalls/grass.ppm img/ownwalls/bricks.ppm 
img/ownwalls/grass.ppm img/ownwalls/bricks.ppm 
img/ownwalls/grass.ppm img/ownwalls/bricks.ppm 
img/ownwalls/grass.ppm img/ownwalls/bricks.ppm 
img/ownwalls/grass.ppm img/ownwalls/bricks.ppm 
img/ownwalls/grass.ppm img/ownwalls/bricks.ppm 
img/ownwalls/grass.ppm img/ownwalls/bricks.ppm 
img/ownwalls/grass.ppm img/ownwalls/bricks.ppm 
img/ownwalls/grass.ppm img/ownwalls/bricks.ppm 
img/ownwalls/grass.ppm img/ownwalls/bricks.ppm 
img/ownwalls/grass.ppm img/ownwalls/bricks.ppm 
img/ownwalls/grass.ppm img/ownwalls/bricks.ppm 
img/ownwalls/grass.ppm img/ownwalls/bricks.ppm 
img/ownwalls/grass.ppm img/ownwalls/bricks.ppm 
img/ownwalls/grass.ppm img/ownwalls/bricks.ppm 
img/ownwalls/grass.ppm img/ownwalls/bricks.ppm 
img/ownwalls/grass.ppm img/ownwalls/bricks.ppm 
img/ownwalls/grass.ppm img/ownwalls/bricks.ppm 
img/ownwalls/grass.ppm img/ownwalls/bricks.ppm 
img/ownwalls/grass.ppm img/ownwalls/bricks.ppm 
img/ownwalls/grass.ppm img/ownwalls/bricks.ppm 
img/ownwalls/grass.ppm  
img/ownwalls/grass.ppm  
img/ownwalls/grass.ppm  
img/ownwalls/grass.ppm  
img/ownwalls/grass.ppm  
img/ownwalls/grass.ppm  
img/ownwalls/grass.ppm img/ownwalls/bricks.ppm 
img/ownwalls/grass.ppm img/ownwalls/bricks.ppm 
img/ownwalls/grass.ppm img/ownwalls/bricks.ppm 
img/ownwalls/grass.ppm img/ownwalls/bricks.ppm 
img/ownwalls/grass.ppm img/ownwalls/bricks.ppm 
img/ownwalls/grass.ppm img/ownwalls/bricks.ppm 
img/ownwalls/grass.ppm img/ownwalls/bricks.ppm 
img/ownwalls/grass.ppm img/ownwalls/bricks.ppm 
img/ownwalls/grass.ppm img/ownwalls/bricks.ppm 
img/ownwalls/grass.ppm img/ownwalls/bricks.ppm 
img/ownwalls/grass.ppm img/ownwalls/bricks.ppm 
img/ownwalls/grass.ppm img/ownwalls/bricks.ppm 
img/ownwalls/grass.ppm img/ownwalls/bricks.ppm 
img/ownwalls/grass.ppm img/ownwalls/bricks.ppm 
img/ownwalls/grass.ppm img/ownwalls/bricks.ppm 
img/ownwalls/grass.ppm img/ownwalls/bricks.ppm 
img/ownwalls/grass.ppm img/ownwalls/bricks.ppm 
img/ownwalls/grass.ppm img/ownwalls/bricks.ppm 
img/ownwalls/grass.ppm img/ownwalls/bricks.ppm 
img/ownwalls/grass.ppm img/ownwalls/bricks.ppm 
img/ownwalls/grass.ppm img/ownwalls/bricks.ppm 
img/ownwalls/grass.ppm img/ownwalls/bricks.ppm 
img/ownwalls/grass.ppm img/ownwalls/bricks.ppm 
img/ownwalls/grass.ppm img/ownwalls/bricks.ppm 
img/ownwalls/grass.ppm img/ownwalls/bricks.ppm 
img/ownwalls/grass.ppm img/ownwalls/bricks.ppm 
img/ownwalls/grass.ppm img/ownwalls/bricks.ppm 
img/ownwalls/grass.ppm img/ownwalls/bricks.ppm 
img/ownwalls/grass.ppm img/ownwalls/bricks.ppm 
img/ownwalls/grass.ppm img/ownwalls/bricks.ppm 
img/ownwalls/grass.ppm img/ownwalls/bricks.ppm 
img/ownwalls/grass.ppm img/ownwalls/bricks.ppm 
img/ownwalls/grass.ppm img/ownwalls/bricks.ppm 
img/ownwalls/grass.ppm img/ownwalls/bricks.ppm 
img/ownwalls/grass.ppm img/ownwalls/bricks.ppm 
img/ownwalls/grass.ppm img/ownwalls/bricks.ppm 
img/ownwalls/grass.ppm img/ownwalls/bricks.ppm 
img/ownwalls/grass.ppm img/ownwalls/bricks.ppm 
img/ownwalls/grass.ppm img/ownwalls/bricks.ppm 
img/ownwalls/grass.ppm img/ownwalls/bricks.ppm 
img/ownwalls/grass.ppm img/ownwalls/bricks.ppm 
img/ownwalls/grass.ppm img/ownwalls/bricks.ppm 
img/ownwalls/grass.ppm img/ownwalls/bricks.ppm 
img/ownwalls/grass.ppm  
img/ownwalls/grass.ppm  
img/ownwalls/grass.ppm  
img/ownwalls/grass.ppm  
img/ownwalls/grass.ppm  
img/ownwalls/grass.ppm  
img/ownwalls/grass.ppm  
img/ownwalls/grass.ppm  
img/ownwalls/grass.ppm img/ownwalls/bricks.ppm 
img/ownwalls/grass.ppm img/ownwalls/bricks.ppm 
img/ownwalls/grass.ppm img/ownwalls/bricks.ppm 
img/ownwalls/grass.ppm img/ownwalls/bricks.ppm 
img/ownwalls/grass.ppm img/ownwalls/bricks.ppm 
img/ownwalls/grass.ppm img/ownwalls/bricks.ppm 
img/ownwalls/grass.ppm img/ownwalls/bricks.ppm 
img/ownwalls/grass.ppm img/ownwalls/bricks.ppm 
img/ownwalls/grass.ppm img/ownwalls/bricks.ppm 
img/ownwalls/grass.ppm img/ownwalls/bricks.ppm 
img/ownwalls/grass.ppm img/ownwalls/bricks.ppm 
img/ownwalls/grass.ppm img/ownwalls/bricks.ppm 
img/ownwalls/grass.ppm img/ownwalls/bricks.ppm 
img/ownwalls/grass.ppm img/ownwalls/bricks.ppm 
img/ownwalls/grass.ppm img/ownwalls/bricks.ppm 
img/ownwalls/grass.ppm img/ownwalls/bricks.ppm 
img/ownwalls/grass.ppm img/ownwalls/bricks.ppm 
img/ownwalls/grass.ppm img/ownwalls/bricks.ppm 
img/ownwalls/grass.ppm img/ownwalls/bricks.ppm 
img/ownwalls/grass.ppm img/ownwalls/bricks.ppm 
img/ownwalls/grass.ppm img/ownwalls/bricks.ppm 
img/ownwalls/grass.ppm img/ownwalls/bricks.ppm 
img/ownwalls/grass.ppm img/ownwalls/bricks.ppm 
img/ownwalls/grass.ppm img/ownwalls/bricks.ppm 
img/ownwalls/grass.ppm img/ownwalls/bricks.ppm 
img/ownwalls/grass.ppm img/ownwalls/bricks.ppm 
img/ownwalls/grass.ppm img/ownwalls/bricks.ppm 
img/ownwalls/grass.ppm img/ownwalls/bricks.ppm 
img/ownwalls/grass.ppm img/ownwalls/bricks.ppm 
img/ownwalls/grass.ppm img/ownwalls/bricks.ppm 
img/ownwalls/grass.ppm img/ownwalls/bricks.ppm 
img/ownwalls/grass.ppm img/ownwalls/bricks.ppm 
img/ownwalls/grass.ppm img/ownwalls/bricks.ppm 
img/ownwalls/grass.ppm img/ownwalls/bricks.ppm 
img/ownwalls/grass.ppm img/ownwalls/bricks.ppm 
img/ownwalls/grass.ppm img/ownwalls/bricks.ppm 
img/ownwalls/grass.ppm img/ownwalls/bricks.ppm 
img/ownwalls/grass.ppm img/ownwalls/bricks.ppm 
img/ownwalls/grass.ppm img/ownwalls/bricks.ppm 
img/ownwalls/grass.ppm img/ownwalls/bricks.ppm 
img/ownwalls/grass.ppm img/ownwalls/bricks.ppm 
img/ownwalls/grass.ppm  
img/ownwalls/grass.ppm  
img/ownwalls/grass.ppm  
img/ownwalls/grass.ppm  
img/ownwalls/grass.ppm  
img/ownwalls/grass.ppm  
img/ownwalls/grass.ppm  
img/ownwalls/grass.ppm  
img/ownwalls/grass.ppm  
img/ownwalls/grass.ppm  
img/ownwalls/grass.ppm img/ownwalls/bricks.ppm 
img/ownwalls/grass.ppm img/ownwalls/bricks.ppm 
img/ownwalls/grass.ppm img/ownwalls/bricks.ppm 
img/ownwalls/grass.ppm img/ownwalls/bricks.ppm 
img/ownwalls/grass.ppm img/ownwalls/bricks.ppm 
img/ownwalls/grass.ppm img/ownwalls/bricks.ppm 
img/ownwalls/grass.ppm img/ownwalls/bricks.ppm 
img/ownwalls/grass.ppm img/ownwalls/bricks.ppm 
img/ownwalls/grass.ppm img/ownwalls/bricks.ppm 
img/ownwalls/grass.ppm img/ownwalls/bricks.ppm 
img/ownwalls/grass.ppm img/ownwalls/bricks.ppm 
img/ownwalls/grass.ppm img/ownwalls/bricks.ppm 
img/ownwalls/grass.ppm img/ownwalls/bricks.ppm 
img/ownwalls/grass.ppm img/ownwalls/bricks.ppm 
img/ownwalls/grass.ppm img/ownwalls/bricks.ppm 
img/ownwalls/grass.ppm img/ownwalls/bricks.ppm 
img/ownwalls/grass.ppm img/ownwalls/bricks.ppm 
img/ownwalls/grass.ppm img/ownwalls/bricks.ppm 
img/ownwalls/grass.ppm img/ownwalls/bricks.ppm 
img/ownwalls/grass.ppm img/ownwalls/bricks.ppm 
img/ownwalls/grass.ppm img/ownwalls/bricks.ppm 
img/ownwalls/grass.ppm img/ownwalls/bricks.ppm 
img/ownwalls/grass.ppm img/ownwalls/bricks.ppm 
img/ownwalls/grass.ppm img/ownwalls/bricks.ppm 
img/ownwalls/grass.ppm img/ownwalls/bricks.ppm 
img/ownwalls/grass.ppm img/ownwalls/bricks.ppm 
img/ownwalls/grass.ppm img/ownwalls/bricks.ppm 
img/ownwalls/grass.ppm img/ownwalls/bricks.ppm 
img/ownwalls/grass.ppm img/ownwalls/bricks.ppm 
img/ownwalls/grass.ppm img/ownwalls/bricks.ppm 
img/ownwalls/grass.ppm img/ownwalls/bricks.ppm 
img/ownwalls/grass.ppm  
img/ownwalls/grass.ppm  
img/ownwalls/grass.ppm img/ownwalls/bricks.ppm 
img/ownwalls/grass.ppm img/ownwalls/bricks.ppm 
img/ownwalls/grass.ppm img/ownwalls/bricks.ppm 
img/ownwalls/grass.ppm img/ownwalls/bricks.ppm 
img/ownwalls/grass.ppm img/ownwalls/bricks.ppm 
img/ownwalls/grass.ppm img/ownwalls/bricks.ppm 
img/ownwalls/grass.ppm img/ownwalls/bricks.ppm 
img/ownwalls/grass.ppm  
img/ownwalls/grass.ppm  
img/ownwalls/grass.ppm  
img/ownwalls/grass.ppm  
img/ownwalls/grass.ppm  
img/ownwalls/grass.ppm  
img/ownwalls/grass.ppm  
img/ownwalls/grass.ppm  
img/ownwalls/grass.ppm  
img/ownwalls/grass.ppm  
img/ownwalls/grass.ppm img/ownwalls/bricks.ppm 
img/ownwalls/grass.ppm img/ownwalls/bricks.ppm 
img/ownwalls/grass.ppm img/ownwalls/bricks.ppm 
img/ownwalls/grass.ppm img/ownwalls/bricks.ppm 
img/ownwalls/grass.ppm img/ownwalls/bricks.ppm 
img/ownwalls/grass.ppm img/ownwalls/bricks.ppm 
img/ownwalls/grass.ppm img/ownwalls/bricks.ppm 
img/ownwalls/grass.ppm img/ownwalls/bricks.ppm 
img/ownwalls/grass.ppm img/ownwalls/bricks.ppm 
img/ownwalls/grass.ppm img/ownwalls/bricks.ppm 
img/ownwalls/grass.ppm img/ownwalls/bricks.ppm 
img/ownwalls/grass.ppm img/ownwalls/bricks.ppm 
img/ownwalls/grass.ppm img/ownwalls/bricks.ppm 
img/ownwalls/grass.ppm img/ownwalls/bricks.ppm 
img/ownwalls/grass.ppm img/ownwalls/bricks.ppm 
img/ownwalls/grass.ppm img/ownwalls/bricks.ppm 
img/ownwalls/grass.ppm img/ownwalls/bricks.ppm 
img/ownwalls/grass.ppm img/ownwalls/bricks.ppm 
img/ownwalls/grass.ppm img/ownwalls/bricks.ppm 
img/ownwalls/grass.ppm img/ownwalls/bricks.ppm 
img/ownwalls/grass.ppm img/ownwalls/bricks.ppm 
img/ownwalls/grass.ppm img/ownwalls/bricks.ppm 
img/ownwalls/grass.ppm img/ownwalls/bricks.ppm 
img/ownwalls/grass.ppm img/ownwalls/bricks.ppm 
img/ownwalls/grass.ppm img/ownwalls/bricks.ppm 
img/ownwalls/grass.ppm img/ownwalls/bricks.ppm 
img/ownwalls/grass.ppm img/ownwalls/bricks.ppm 
img/ownwalls/grass.ppm img/ownwalls/bricks.ppm 
img/ownwalls/grass.ppm img/ownwalls/bricks.ppm 
img/ownwalls/grass.ppm img/ownwalls/bricks.ppm 
img/ownwalls/grass.ppm img/ownwalls/bricks.ppm 
img/ownwalls/grass.ppm  
img/ownwalls/grass.ppm  
img/ownwalls/grass.ppm img/ownwalls/bricks.ppm 
img/ownwalls/grass.ppm img/ownwalls/bricks.ppm 
img/ownwalls/grass.ppm img/ownwalls/bricks.ppm 
img/ownwalls/grass.ppm img/ownwalls/bricks.ppm 
img/ownwalls/grass.ppm img/ownwalls/bricks.ppm 
img/ownwalls/grass.ppm img/ownwalls/bricks.ppm 
img/ownwalls/grass.ppm img/ownwalls/bricks.ppm 
img/ownwalls/grass.ppm  
img/ownwalls/grass.ppm  
img/ownwalls/grass.ppm  
img/ownwalls/grass.ppm  
img/ownwalls/grass.ppm  
img/ownwalls/grass.ppm  
img/ownwalls/grass.ppm  
img/ownwalls/grass.ppm  
img/ownwalls/grass.ppm  
img/ownwalls/grass.ppm  
img/ownwalls/grass.ppm  
img/ownwalls/grass.ppm img/ownwalls/bricks.ppm 
img/ownwalls/grass.ppm img/ownwalls/bricks.ppm 
img/ownwalls/grass.ppm img/ownwalls/bricks.ppm 
img/ownwalls/grass.ppm img/ownwalls/bricks.ppm 
img/ownwalls/grass.ppm img/ownwalls/bricks.ppm 
img/ownwalls/grass.ppm img/ownwalls/bricks.ppm 
img/ownwalls/grass.ppm img/ownwalls/bricks.ppm 
img/ownwalls/grass.ppm img/ownwalls/bricks.ppm 
img/ownwalls/grass.ppm img/ownwalls/bricks.ppm 
img/ownwalls/grass.ppm img/ownwalls/bricks.ppm 
img/ownwalls/grass.ppm img/ownwalls/bricks.ppm 
img/ownwalls/grass.ppm img/ownwalls/bricks.ppm 
img/ownwalls/grass.ppm img/ownwalls/bricks.ppm 
img/ownwalls/grass.ppm img/ownwalls/bricks.ppm 
img/ownwalls/grass.ppm img/ownwalls/bricks.ppm 
img/ownwalls/grass.ppm img/ownwalls/bricks.ppm 
img/ownwalls/grass.ppm img/ownwalls/bricks.ppm 
img/ownwalls/grass.ppm img/ownwalls/bricks.ppm 
img/ownwalls/grass.ppm img/ownwalls/bricks.ppm 
img/ownwalls/grass.ppm img/ownwalls/bricks.ppm 
img/ownwalls/grass.ppm img/ownwalls/bricks.ppm 
img/ownwalls/grass.ppm img/ownwalls/bricks.ppm 
img/ownwalls/grass.ppm img/ownwalls/bricks.ppm 
img/ownwalls/grass.ppm img/ownwalls/bricks.ppm 
img/ownwalls/grass.ppm img/ownwalls/bricks.ppm 
img/ownwalls/grass.ppm img/ownwalls/bricks.ppm 
img/ownwalls/grass.ppm img/ownwalls/bricks.ppm 
img/ownwalls/grass.ppm  
img/ownwalls/grass.ppm  
img/ownwalls/grass.ppm  
img/ownwalls/grass.ppm  
img/ownwalls/grass.ppm  
img/ownwalls/grass.ppm img/ownwalls/bricks.ppm 
img/ownwalls/grass.ppm img/ownwalls/bricks.ppm 
img/ownwalls/grass.ppm img/ownwalls/bricks.ppm 
img/ownwalls/grass.ppm img/ownwalls/bricks.ppm 
img/ownwalls/grass.ppm img/ownwalls/bricks.ppm 
img/ownwalls/grass.ppm img/ownwalls/bricks.ppm 
img/ownwalls/grass.ppm img/ownwalls/bricks.ppm 
img/ownwalls/grass.ppm  
img/ownwalls/grass.ppm  
img/ownwalls/grass.ppm  
img/ownwalls/grass.ppm  
img/ownwalls/grass.ppm  
img/ownwalls/grass.ppm  
img/ownwalls/grass.ppm  
img/ownwalls/grass.ppm  
img/ownwalls/grass.ppm  
img/ownwalls/grass.ppm  
img/ownwalls/grass.ppm img/ownwalls/bricks.ppm 
img/ownwalls/grass.ppm img/ownwalls/bricks.ppm 
img/ownwalls/grass.ppm img/ownwalls/bricks.ppm 
img/ownwalls/grass.ppm img/ownwalls/bricks.ppm 
img/ownwalls/grass.ppm img/ownwalls/bricks.ppm 
img/ownwalls/grass.ppm img/ownwalls/bricks.ppm 
img/ownwalls/grass.ppm img/ownwalls/bricks.ppm 
img/ownwalls/grass.ppm img/ownwalls/bricks.ppm 
img/ownwalls/grass.ppm img/ownwalls/bricks.ppm 
img/ownwalls/grass.ppm img/ownwalls/bricks.ppm 
img/ownwalls/grass.ppm img/ownwalls/bricks.ppm 
img/ownwalls/grass.ppm img/ownwalls/bricks.ppm 
img/ownwalls/grass.ppm img/ownwalls/bricks.ppm 
img/ownwalls/grass.ppm img/ownwalls/bricks.ppm 
img/ownwalls/grass.ppm img/ownwalls/bricks.ppm 
img/ownwalls/grass.ppm img/ownwalls/bricks.ppm 
img/ownwalls/grass.ppm img/ownwalls/bricks.ppm 
img/ownwalls/grass.ppm img/ownwalls/bricks.ppm 
img/ownwalls/grass.ppm img/ownwalls/bricks.ppm 
img/ownwalls/grass.ppm img/ownwalls/bricks.ppm 
img/ownwalls/grass.ppm img/ownwalls/bricks.ppm 
img/ownwalls/grass.ppm img/ownwalls/bricks.ppm 
img/ownwalls/grass.ppm img/ownwalls/bricks.ppm 
img/ownwalls/grass.ppm  
img/ownwalls/grass.ppm  
img/ownwalls/grass.ppm  
img/ownwalls/grass.ppm  
img/ownwalls/grass.ppm  
img/ownwalls/grass.ppm  
img/ownwalls/grass.ppm  
img/ownwalls/grass.ppm  
img/ownwalls/grass.ppm  
img/ownwalls/grass.ppm  
img/ownwalls/grass.ppm img/ownwalls/bricks.ppm 
img/ownwalls/grass.ppm img/ownwalls/bricks.ppm 
img/ownwalls/grass.ppm img/ownwalls/bricks.ppm 
img/ownwalls/grass.ppm img/ownwalls/bricks.ppm 
img/ownwalls/grass.ppm img/ownwalls/bricks.ppm 
img/ownwalls/grass.ppm img/ownwalls/bricks.ppm 
img/ownwalls/grass.ppm  
img/ownwalls/grass.ppm  
img/ownwalls/grass.ppm  
img/ownwalls/grass.ppm  
img/ownwalls/grass.ppm  
img/ownwalls/grass.ppm  
img/ownwalls/grass.ppm  
img/ownwalls/grass.ppm  
img/ownwalls/grass.ppm  
img/ownwalls/grass.ppm  
img/ownwalls/grass.ppm  
img/ownwalls/grass.ppm img/ownwalls/bricks.ppm 
img/ownwalls/grass.ppm img/ownwalls/bricks.ppm 
img/ownwalls/grass.ppm img/ownwalls/bricks.ppm 
img/ownwalls/grass.ppm img/ownwalls/bricks.ppm 
img/ownwalls/grass.ppm img/ownwalls/bricks.ppm 
img/ownwalls/grass.ppm img/ownwalls/bricks.ppm 
img/ownwalls/grass.ppm img/ownwalls/bricks.ppm 
img/ownwalls/grass.ppm img/ownwalls/bricks.ppm 
img/ownwalls/grass.ppm img/ownwalls/bricks.ppm 
img/ownwalls/grass.ppm img/ownwalls/bricks.ppm 
img/ownwalls/grass.ppm img/ownwalls/bricks.ppm 
img/ownwalls/grass.ppm img/ownwalls/bricks.ppm 
img/ownwalls/grass.ppm img/ownwalls/bricks.ppm 
img/ownwalls/grass.ppm img/ownwalls/bricks.ppm 
img/ownwalls/grass.ppm img/ownwalls/bricks.ppm 
img/ownwalls/grass.ppm img/ownwalls/bricks.ppm 
img/ownwalls/grass.ppm img/ownwalls/bricks.ppm 
img/ownwalls/grass.ppm img/ownwalls/bricks.ppm 
img/ownwalls/grass.ppm img/ownwalls/bricks.ppm 
img/ownwalls/grass.ppm img/ownwalls/bricks.ppm 
img/ownwalls/grass.ppm img/ownwalls/bricks.ppm 
img/ownwalls/grass.ppm  
img/ownwalls/grass.ppm  
img/ownwalls/grass.ppm  
img/ownwalls/grass.ppm  
img/ownwalls/grass.ppm  
img/ownwalls/grass.ppm  
img/ownwalls/grass.ppm  
img/ownwalls/grass.ppm  
img/ownwalls/grass.ppm  
img/ownwalls/grass.ppm  
img/ownwalls/grass.ppm  
img/ownwalls/grass.ppm  
img/ownwalls/grass.ppm  
img/ownwalls/grass.ppm img/ownwalls/bricks.ppm 
img/ownwalls/grass.ppm img/ownwalls/bricks.ppm 
img/ownwalls/grass.ppm img/ownwalls/bricks.ppm 
img/ownwalls/grass.ppm img/ownwalls/bricks.ppm 
img/ownwalls/grass.ppm img/ownwalls/bricks.ppm 
img/ownwalls/grass.ppm  
img/ownwalls/grass.ppm  
img/ownwalls/grass.ppm  
img/ownwalls/grass.ppm  
img/ownwalls/grass.ppm  
img/ownwalls/grass.ppm  
img/ownwalls/grass.ppm  
img/ownwalls/grass.ppm  
img/ownwalls/grass.ppm  
img/ownwalls/grass.ppm  
img/ownwalls/grass.ppm img/ownwalls/bricks.ppm 
img/ownwalls/grass.ppm img/ownwalls/bricks.ppm 
img/ownwalls/grass.ppm img/ownwalls/bricks.ppm 
img/ownwalls/grass.ppm img/ownwalls/bricks.ppm 
img/ownwalls/grass.ppm img/ownwalls/bricks.ppm 
img/ownwalls/grass.ppm img/ownwalls/bricks.ppm 
img/ownwalls/grass.ppm img/ownwalls/bricks.ppm 
img/ownwalls/grass.ppm img/ownwalls/bricks.ppm 
img/ownwalls/grass.ppm img/ownwalls/bricks.ppm 
img/ownwalls/grass.ppm img/ownwalls/bricks.ppm 
img/ownwalls/grass.ppm img/ownwalls/bricks.ppm 
img/ownwalls/grass.ppm  
img/ownwalls/grass.ppm  
img/ownwalls/grass.ppm  
img/ownwalls/grass.ppm img/ownwalls/bricks.ppm 
img/ownwalls/grass.ppm img/ownwalls/bricks.ppm 
img/ownwalls/grass.ppm img/ownwalls/bricks.ppm 
img/ownwalls/grass.ppm img/ownwalls/bricks.ppm 
img/ownwalls/grass.ppm img/ownwalls/bricks.ppm 
img/ownwalls/grass.ppm img/ownwalls/bricks.ppm 
img/ownwalls/grass.ppm img/ownwalls/bricks.ppm 
img/ownwalls/grass.ppm  
img/ownwalls/grass.ppm  
img/ownwalls/grass.ppm  
img/ownwalls/grass.ppm  
img/ownwalls/grass.ppm  
img/ownwalls/grass.ppm  
img/ownwalls/grass.ppm  
img/ownwalls/grass.ppm  
img/ownwalls/grass.ppm  
img/ownwalls/grass.ppm  
img/ownwalls/grass.ppm  
img/ownwalls/grass.ppm  
img/ownwalls/grass.ppm  
img/ownwalls/grass.ppm  
img/ownwalls/grass.ppm img/ownwalls/bricks.ppm 
img/ownwalls/grass.ppm img/ownwalls/bricks.ppm 
img/ownwalls/grass.ppm img/ownwalls/bricks.ppm 
img/ownwalls/grass.ppm img/ownwalls/bricks.ppm 
img/ownwalls/grass.ppm  
img/ownwalls/grass.ppm  
img/ownwalls/grass.ppm  
img/ownwalls/grass.ppm  
img/ownwalls/grass.ppm  
img/ownwalls/grass.ppm  
img/ownwalls/grass.ppm  
img/ownwalls/grass.ppm  
img/ownwalls/grass.ppm  
img/ownwalls/grass.ppm img/ownwalls/bricks.ppm 
img/ownwalls/grass.ppm img/ownwalls/bricks.ppm 
img/ownwalls/grass.ppm img/ownwalls/bricks.ppm 
img/ownwalls/grass.ppm img/ownwalls/bricks.ppm 
img/ownwalls/grass.ppm img/ownwalls/bricks.ppm 
img/ownwalls/grass.ppm img/ownwalls/bricks.ppm 
img/ownwalls/grass.ppm img/ownwalls/bricks.ppm 
img/ownwalls/grass.ppm img/ownwalls/bricks.ppm 
img/ownwalls/grass.ppm img/ownwalls/bricks.ppm 
img/ownwalls/grass.ppm img/ownwalls/bricks.ppm 
img/ownwalls/grass.ppm img/ownwalls/bricks.ppm 
img/ownwalls/grass.ppm img/ownwalls/bricks.ppm 
img/ownwalls/grass.ppm  
img/ownwalls/grass.ppm  
img/ownwalls/grass.ppm  
img/ownwalls/grass.ppm  
img/ownwalls/grass.ppm  
img/ownwalls/grass.ppm  
img/ownwalls/grass.ppm img/ownwalls/bricks.ppm 
img/ownwalls/grass.ppm img/ownwalls/bricks.ppm 
img/ownwalls/grass.ppm img/ownwalls/bricks.ppm 
img/ownwalls/grass.ppm img/ownwalls/bricks.ppm 
img/ownwalls/grass.ppm  
img/ownwalls/grass.ppm  
img/ownwalls/grass.ppm  
img/ownwalls/grass.ppm  
img/ownwalls/grass.ppm  
img/ownwalls/grass.ppm  
img/ownwalls/grass.ppm  
img/ownwalls/grass.ppm  
img/ownwalls/grass.ppm  
img/ownwalls/grass.ppm  
img/ownwalls/grass.ppm  
img/ownwalls/grass.ppm  
img/ownwalls/grass.ppm  
img/ownwalls/grass.ppm  
img/ownwalls/grass.ppm  
img/ownwalls/grass.ppm  
img/ownwalls/grass.ppm img/ownwalls/bricks.ppm 
img/ownwalls/grass.ppm img/ownwalls/bricks.ppm 
img/ownwalls/grass.ppm  
img/ownwalls/grass.ppm  
img/ownwalls/grass.ppm  
img/ownwalls/grass.ppm  
img/ownwalls/grass.ppm  
img/ownwalls/grass.ppm  
img/ownwalls/grass.ppm  
img/ownwalls/grass.ppm  
img/ownwalls/grass.ppm  
img/ownwalls/grass.ppm img/ownwalls/bricks.ppm 
img/ownwalls/grass.ppm img/ownwalls/bricks.ppm 
img/ownwalls/grass.ppm img/ownwalls/bricks.ppm 
img/ownwalls/grass.ppm img/ownwalls/bricks.ppm 
img/ownwalls/grass.ppm img/ownwalls/bricks.ppm 
img/ownwalls/grass.ppm img/ownwalls/bricks.ppm 
img/ownwalls/grass.ppm img/ownwalls/bricks.ppm 
img/ownwalls/grass.ppm img/ownwalls/bricks.ppm 
img/ownwalls/grass.ppm img/ownwalls/bricks.ppm 
img/ownwalls/grass.ppm img/ownwalls/bricks.ppm 
img/ownwalls/grass.ppm img/ownwalls/bricks.ppm 
img/ownwalls/grass.ppm img/ownwalls/bricks.ppm 
img/ownwalls/grass.ppm img/ownwalls/bricks.ppm 
img/ownwalls/grass.ppm  
img/ownwalls/grass.ppm  
img/ownwalls/grass.ppm  
img/ownwalls/grass.ppm  
img/ownwalls/grass.ppm  
img/ownwalls/grass.ppm  
img/ownwalls/grass.ppm  
img/ownwalls/grass.ppm  
img/ownwalls/grass.ppm img/ownwalls/bricks.ppm 
img/ownwalls/grass.ppm  
img/ownwalls/grass.ppm  
img/ownwalls/grass.ppm  
img/ownwalls/grass.ppm  
img/ownwalls/grass.ppm  
img/ownwalls/grass.ppm  
img/ownwalls/grass.ppm  
img/ownwalls/grass.ppm  
img/ownwalls/grass.ppm  
img/ownwalls/grass.ppm  
img/ownwalls/grass.ppm  
img/ownwalls/grass.ppm  
img/ownwalls/grass.ppm  
img/ownwalls/grass.ppm  
img/ownwalls/grass.ppm  
img/ownwalls/grass.ppm  
img/ownwalls/grass.ppm  
img/ownwalls/grass.ppm  
img/ownwalls/grass.ppm  
img/ownwalls/grass.ppm  
img/ownwalls/grass.ppm  
img/ownwalls/grass.ppm  
img/ownwalls/grass.ppm  
img/ownwalls/grass.ppm  
img/ownwalls/grass.ppm  
img/ownwalls/grass.ppm  
img/ownwalls/grass.ppm  
img/ownwalls/grass.ppm  
img/ownwalls/grass.ppm img/ownwalls/bricks.ppm 
img/ownwalls/grass.ppm img/ownwalls/bricks.ppm 
img/ownwalls/grass.ppm img/ownwalls/bricks.ppm 
img/ownwalls/grass.ppm img/ownwalls/bricks.ppm 
img/ownwalls/grass.ppm img/ownwalls/bricks.ppm 
img/ownwalls/grass.ppm img/ownwalls/bricks.ppm 
img/ownwalls/grass.ppm img/ownwalls/bricks.ppm 
img/ownwalls/grass.ppm img/ownwalls/bricks.ppm 
img/ownwalls/grass.ppm img/ownwalls/bricks.ppm 
img/ownwalls/grass.ppm img/ownwalls/bricks.ppm 
img/ownwalls/grass.ppm img/ownwalls/bricks.ppm 
img/ownwalls/grass.ppm img/ownwalls/bricks.ppm 
img/ownwalls/grass.ppm img/ownwalls/bricks.ppm 
img/ownwalls/grass.ppm img/ownwalls/bricks.ppm 
img/ownwalls/grass.ppm  
img/ownwalls/grass.ppm  
img/ownwalls/grass.ppm  
img/ownwalls/grass.ppm  
img/ownwalls/grass.ppm  
img/ownwalls/grass.ppm  
img/ownwalls/grass.ppm  
img/ownwalls/grass.ppm  
img/ownwalls/grass.ppm  
img/ownwalls/grass.ppm  
img/ownwalls/grass.ppm  
img/ownwalls/grass.ppm  
img/ownwalls/grass.ppm  
img/ownwalls/grass.ppm  
img/ownwalls/grass.ppm  
img/ownwalls/grass.ppm  
img/ownwalls/grass.ppm  
img/ownwalls/grass.ppm  
img/ownwalls/grass.ppm  
img/ownwalls/grass.ppm  
img/ownwalls/grass.ppm  
img/ownwalls/grass.ppm  
img/ownwalls/grass.ppm  
img/ownwalls/grass.ppm  
img/ownwalls/grass.ppm  
img/ownwalls/grass.ppm  
img/ownwalls/grass.ppm  
img/ownwalls/grass.ppm  
img/ownwalls/grass.ppm  
img/ownwalls/grass.ppm  
img/ownwalls/grass.ppm  
img/ownwalls/grass.ppm  
img/ownwalls/grass.ppm  
img/ownwalls/grass.ppm  
img/ownwalls/grass.ppm  
img/ownwalls/grass.ppm  
img/ownwalls/grass.ppm img/ownwalls/bricks.ppm 
img/ownwalls/grass.ppm img/ownwalls/bricks.ppm 
img/ownwalls/grass.ppm img/ownwalls/bricks.ppm 
img/ownwalls/grass.ppm img/ownwalls/bricks.ppm 
img/ownwalls/grass.ppm img/ownwalls/bricks.ppm 
img/ownwalls/grass.ppm img/ownwalls/bricks.ppm 
img/ownwalls/grass.ppm img/ownwalls/bricks.ppm 
img/ownwalls/grass.ppm img/ownwalls/bricks.ppm 
img/ownwalls/grass.ppm img/ownwalls/bricks.ppm 
img/ownwalls/grass.ppm img/ownwalls/bricks.ppm 
img/ownwalls/grass.ppm img/ownwalls/bricks.ppm 
img/ownwalls/grass.ppm img/ownwalls/bricks.ppm 
img/ownwalls/grass.ppm img/ownwalls/bricks.ppm 
img/ownwalls/grass.ppm img/ownwalls/bricks.ppm 
img/ownwalls/grass.ppm img/ownwalls/bricks.ppm 
img/ownwalls/grass.ppm img/ownwalls/bricks.ppm 
img/ownwalls/grass.ppm  
img/ownwalls/grass.ppm  
img/ownwalls/grass.ppm  
img/ownwalls/grass.ppm  
img/ownwalls/grass.ppm  
img/ownwalls/grass.ppm  
img/ownwalls/grass.ppm  
img/ownwalls/grass.ppm  
img/ownwalls/grass.ppm  
img/ownwalls/grass.ppm  
img/ownwalls/grass.ppm  
img/ownwalls/grass.ppm  
img/ownwalls/grass.ppm  
img/ownwalls/grass.ppm  
img/ownwalls/grass.ppm  
img/ownwalls/grass.ppm  
img/ownwalls/grass.ppm  
img/ownwalls/grass.ppm  
img/ownwalls/grass.ppm  
img/ownwalls/grass.ppm  
img/ownwalls/grass.ppm  
img/ownwalls/grass.ppm  
img/ownwalls/grass.ppm  
img/ownwalls/grass.ppm  
img/ownwalls/grass.ppm  
img/ownwalls/grass.ppm  
img/ownwalls/grass.ppm  
img/ownwalls/grass.ppm  
img/ownwalls/grass.ppm  
img/ownwalls/grass.ppm  
img/ownwalls/grass.ppm  
img/ownwalls/grass.ppm  
img/ownwalls/grass.ppm  
img/ownwalls/grass.ppm img/ownwalls/bricks.ppm 
img/ownwalls/grass.ppm img/ownwalls/bricks.ppm 
img/ownwalls/grass.ppm img/ownwalls/bricks.ppm 
img/ownwalls/grass.ppm img/ownwalls/bricks.ppm 
img/ownwalls/grass.ppm img/ownwalls/bricks.ppm 
img/ownwalls/grass.ppm img/ownwalls/bricks.ppm 
img/ownwalls/grass.ppm img/ownwalls/bricks.ppm 
img/ownwalls/grass.ppm img/ownwalls/bricks.ppm 
img/ownwalls/grass.ppm img/ownwalls/bricks.ppm 
img/ownwalls/grass.ppm img/ownwalls/bricks.ppm 
img/ownwalls/grass.ppm img/ownwalls/bricks.ppm 
img/ownwalls/grass.ppm img/ownwalls/bricks.ppm 
img/ownwalls/grass.ppm img/ownwalls/bricks.ppm 
img/ownwalls/grass.ppm img/ownwalls/bricks.ppm 
img/ownwalls/grass.ppm img/ownwalls/bricks.ppm 
img/ownwalls/grass.ppm img/ownwalls/bricks.ppm 
img/ownwalls/grass.ppm  
img/ownwalls/grass.ppm  
img/ownwalls/grass.ppm  
img/ownwalls/grass.ppm  
img/ownwalls/grass.ppm  
img/ownwalls/grass.ppm  
img/ownwalls/grass.ppm  
img/ownwalls/grass.ppm  
img/ownwalls/grass.ppm  
img/ownwalls/grass.ppm  
img/ownwalls/grass.ppm  
img/ownwalls/grass.ppm  
img/ownwalls/grass.ppm  
img/ownwalls/grass.ppm  
img/ownwalls/grass.ppm  
img/ownwalls/grass.ppm  
img/ownwalls/grass.ppm  
img/ownwalls/grass.ppm  
img/ownwalls/grass.ppm  
img/ownwalls/grass.ppm  
img/ownwalls/grass.ppm  
img/ownwalls/grass.ppm  
img/ownwalls/grass.ppm  
img/ownwalls/grass.ppm  
img/ownwalls/grass.ppm  
img/ownwalls/grass.ppm  
img/ownwalls/grass.ppm  
img/ownwalls/grass.ppm  
img/ownwalls/grass.ppm  
img/ownwalls/grass.ppm  
img/ownwalls/grass.ppm  
img/ownwalls/grass.ppm  
img/ownwalls/grass.ppm  
img/ownwalls/grass.ppm  
img/ownwalls/grass.ppm img/ownwalls/bricks.ppm 
img/ownwalls/grass.ppm img/ownwalls/bricks.ppm 
img/ownwalls/grass.ppm img/ownwalls/bricks.ppm 
img/ownwalls/grass.ppm img/ownwalls/bricks.ppm 
img/ownwalls/grass.ppm img/ownwalls/bricks.ppm 
img/ownwalls/grass.ppm img/ownwalls/bricks.ppm 
img/ownwalls/grass.ppm img/ownwalls/bricks.ppm 
img/ownwalls/grass.ppm img/ownwalls/bricks.ppm 
img/ownwalls/grass.ppm img/ownwalls/bricks.ppm 
img/ownwalls/grass.ppm img/ownwalls/bricks.ppm 
img/ownwalls/grass.ppm img/ownwalls/bricks.ppm 
img/ownwalls/grass.ppm img/ownwalls/bricks.ppm 
img/ownwalls/grass.ppm img/ownwalls/bricks.ppm 
img/ownwalls/grass.ppm img/ownwalls/bricks.ppm 
img/ownwalls/grass.ppm  
img/ownwalls/grass.ppm  
img/ownwalls/grass.ppm  
img/ownwalls/grass.ppm  
img/ownwalls/grass.ppm  
img/ownwalls/grass.ppm  
img/ownwalls/grass.ppm  
img/ownwalls/grass.ppm  
img/ownwalls/grass.ppm  
img/ownwalls/grass.ppm  
img/ownwalls/grass.ppm  
img/ownwalls/grass.ppm  
img/ownwalls/grass.ppm  
img/ownwalls/grass.ppm  
img/ownwalls/grass.ppm  
img/ownwalls/grass.ppm  
img/ownwalls/grass.ppm  
img/ownwalls/grass.ppm  
img/ownwalls/grass.ppm  
img/ownwalls/grass.ppm  
img/ownwalls/grass.ppm  
img/ownwalls/grass.ppm  
img/ownwalls/grass.ppm  
img/ownwalls/grass.ppm  
img/ownwalls/grass.ppm  
img/ownwalls/grass.ppm  
img/ownwalls/grass.ppm  
img/ownwalls/grass.ppm  
img/ownwalls/grass.ppm  
img/ownwalls/grass.ppm  
img/ownwalls/grass.ppm  
img/ownwalls/grass.ppm  
img/ownwalls/grass.ppm  
img/ownwalls/grass.ppm  
img/ownwalls/grass.ppm  
img/ownwalls/grass.ppm  
img/ownwalls/grass.ppm img/ownwalls/bricks.ppm 
img/ownwalls/grass.ppm img/ownwalls/bricks.ppm 
img/ownwalls/grass.ppm img/ownwalls/bricks.ppm 
img/ownwalls/grass.ppm img/ownwalls/bricks.ppm 
img/ownwalls/grass.ppm img/ownwalls/bricks.ppm 
img/ownwalls/grass.ppm img/ownwalls/bricks.ppm 
img/ownwalls/grass.ppm img/ownwalls/bricks.ppm 
img/ownwalls/grass.ppm img/ownwalls/bricks.ppm 
img/ownwalls/grass.ppm img/ownwalls/bricks.ppm 
img/ownwalls/grass.ppm img/ownwalls/bricks.ppm 
img/ownwalls/grass.ppm img/ownwalls/bricks.ppm 
img/ownwalls/grass.ppm img/ownwalls/bricks.ppm 
img/ownwalls/grass.ppm img/ownwalls/bricks.ppm 
img/ownwalls/grass.ppm img/ownwalls/bricks.ppm 
img/ownwalls/grass.ppm  
img/ownwalls/grass.ppm  
img/ownwalls/grass.ppm  
img/ownwalls/grass.ppm  
img/ownwalls/grass.ppm  
img/ownwalls/grass.ppm  
img/ownwalls/grass.ppm  
img/ownwalls/grass.ppm  
img/ownwalls/grass.ppm  
img/ownwalls/grass.ppm  
img/ownwalls/grass.ppm  
img/ownwalls/grass.ppm  
img/ownwalls/grass.ppm  
img/ownwalls/grass.ppm  
img/ownwalls/grass.ppm  
img/ownwalls/grass.ppm  
img/ownwalls/grass.ppm  
img/ownwalls/grass.ppm  
img/ownwalls/grass.ppm  
img/ownwalls/grass.ppm  
img/ownwalls/grass.ppm  
img/ownwalls/grass.ppm  
img/ownwalls/grass.ppm  
img/ownwalls/grass.ppm  
img/ownwalls/grass.ppm  
img/ownwalls/grass.ppm  
img/ownwalls/grass.ppm  
img/ownwalls/grass.ppm  
img/ownwalls/grass.ppm  
img/ownwalls/grass.ppm  
img/ownwalls/grass.ppm  
img/ownwalls/grass.ppm  
img/ownwalls/grass.ppm  
img/ownwalls/grass.ppm  
img/ownwalls/grass.ppm  
img/ownwalls/grass.ppm  
img/ownwalls/grass.ppm img/ownwalls/bricks.ppm 
img/ownwalls/grass.ppm img/ownwalls/bricks.ppm 
img/ownwalls/grass.ppm img/ownwalls/bricks.ppm 
img/ownwalls/grass.ppm img/ownwalls/bricks.ppm 
img/ownwalls/grass.ppm img/ownwalls/bricks.ppm 
img/ownwalls/grass.ppm img/ownwalls/bricks.ppm 
img/ownwalls/grass.ppm img/ownwalls/bricks.ppm 
img/ownwalls/grass.ppm img/ownwalls/bricks.ppm 
img/ownwalls/grass.ppm img/ownwalls/bricks.ppm 
img/ownwalls/grass.ppm img/ownwalls/bricks.ppm 
img/ownwalls/grass.ppm img/ownwalls/bricks.ppm 
img/ownwalls/grass.ppm img/ownwalls/bricks.ppm 
img/ownwalls/grass.ppm img/ownwalls/bricks.ppm 
img/ownwalls/grass.ppm img/ownwalls/bricks.ppm 
img/ownwalls/grass.ppm  
img/ownwalls/grass.ppm  
img/ownwalls/grass.ppm  
img/ownwalls/grass.ppm  
img/ownwalls/grass.ppm  
img/ownwalls/grass.ppm  
img/ownwalls/grass.ppm  
img/ownwalls/grass.ppm  
img/ownwalls/grass.ppm  
img/ownwalls/grass.ppm  
img/ownwalls/grass.ppm  
img/ownwalls/grass.ppm  
img/ownwalls/grass.ppm  
img/ownwalls/grass.ppm  
img/ownwalls/grass.ppm  
img/ownwalls/grass.ppm  
img/ownwalls/grass.ppm  
img/ownwalls/grass.ppm  
img/ownwalls/grass.ppm  
img/ownwalls/grass.ppm  
img/ownwalls/grass.ppm  
img/ownwalls/grass.ppm  
img/ownwalls/grass.ppm  
img/ownwalls/grass.ppm  
img/ownwalls/grass.ppm  
img/ownwalls/grass.ppm  
img/ownwalls/grass.ppm  
img/ownwalls/grass.ppm  
img/ownwalls/grass.ppm  
img/ownwalls/grass.ppm  
img/ownwalls/grass.ppm  
img/ownwalls/grass.ppm  
img/ownwalls/grass.ppm  
img/ownwalls/grass.ppm  
img/ownwalls/grass.ppm  
img/ownwalls/grass.ppm  
img/ownwalls/grass.ppm  
img/ownwalls/grass.ppm  
img/ownwalls/grass.ppm  
img/ownwalls/grass.ppm img/ownwalls/bricks.ppm 
img/ownwalls/grass.ppm img/ownwalls/bricks.ppm 
img/ownwalls/grass.ppm img/ownwalls/bricks.ppm 
img/ownwalls/grass.ppm img/ownwalls/bricks.ppm 
img/ownwalls/grass.ppm img/ownwalls/bricks.ppm 
img/ownwalls/grass.ppm img/ownwalls/bricks.ppm 
img/ownwalls/grass.ppm img/ownwalls/bricks.ppm 
img/ownwalls/grass.ppm img/ownwalls/bricks.ppm 
img/ownwalls/grass.ppm img/ownwalls/bricks.ppm 
img/ownwalls/grass.ppm img/ownwalls/bricks.ppm 
img/ownwalls/grass.ppm img/ownwalls/bricks.ppm 
img/ownwalls/grass.ppm  
img/ownwalls/grass.ppm  
img/ownwalls/grass.ppm  
img/ownwalls/grass.ppm  
img/ownwalls/grass.ppm  
img/ownwalls/grass.ppm  
img/ownwalls/grass.ppm  
img/ownwalls/grass.ppm  
img/ownwalls/grass.ppm  
img/ownwalls/grass.ppm  
img/ownwalls/grass.ppm  
img/ownwalls/grass.ppm  
img/ownwalls/grass.ppm  
img/ownwalls/grass.ppm  
img/ownwalls/grass.ppm  
img/ownwalls/grass.ppm  
img/ownwalls/grass.ppm  
img/ownwalls/grass.ppm  
img/ownwalls/grass.ppm  
img/ownwalls/grass.ppm  
img/ownwalls/grass.ppm  
img/ownwalls/grass.ppm  
img/ownwalls/grass.ppm  
img/ownwalls/grass.ppm  
img/ownwalls/grass.ppm  
img/ownwalls/grass.ppm  
img/ownwalls/grass.ppm  
img/ownwalls/grass.ppm  
img/ownwalls/grass.ppm  
img/ownwalls/grass.ppm  
img/ownwalls/grass.ppm  
img/ownwalls/grass.ppm  
img/ownwalls/grass.ppm  
img/ownwalls/grass.ppm  
img/ownwalls/grass.ppm  
img/ownwalls/grass.ppm  
img/ownwalls/grass.ppm img/ownwalls/bricks.ppm 
img/ownwalls/grass.ppm img/ownwalls/bricks.ppm 
img/ownwalls/grass.ppm img/ownwalls/bricks.ppm 
img/ownwalls/grass.ppm img/ownwalls/bricks.ppm 
img/ownwalls/grass.ppm img/ownwalls/bricks.ppm 
img/ownwalls/grass.ppm img/ownwalls/bricks.ppm 
img/ownwalls/grass.ppm img/ownwalls/bricks.ppm 
img/ownwalls/grass.ppm img/ownwalls/bricks.ppm 
img/ownwalls/grass.ppm img/ownwalls/bricks.ppm 
img/ownwalls/grass.ppm img/ownwalls/bricks.ppm 
img/ownwalls/grass.ppm img/ownwalls/bricks.ppm 
img/ownwalls/grass.ppm img/ownwalls/bricks.ppm 
img/ownwalls/grass.ppm img/ownwalls/bricks.ppm 
img/ownwalls/grass.ppm img/ownwalls/bricks.ppm 
img/ownwalls/grass.ppm img/ownwalls/bricks.ppm 
img/ownwalls/grass.ppm  
img/ownwalls/grass.ppm  
img/ownwalls/grass.ppm  
img/ownwalls/grass.ppm  
img/ownwalls/grass.ppm  
img/ownwalls/grass.ppm  
img/ownwalls/grass.ppm  
img/ownwalls/grass.ppm  
img/ownwalls/grass.ppm  
img/ownwalls/grass.ppm  
img/ownwalls/grass.ppm  
img/ownwalls/grass.ppm  
img/ownwalls/grass.ppm  
img/ownwalls/grass.ppm  
img/ownwalls/grass.ppm  
img/ownwalls/grass.ppm  
img/ownwalls/grass.ppm  
img/ownwalls/grass.ppm  
img/ownwalls/grass.ppm  
img/ownwalls/grass.ppm  
img/ownwalls/grass.ppm  
img/ownwalls/grass.ppm  
img/ownwalls/grass.ppm  
img/ownwalls/grass.ppm  
img/ownwalls/grass.ppm  
img/ownwalls/grass.ppm  
img/ownwalls/grass.ppm  
img/ownwalls/grass.ppm  
img/ownwalls/grass.ppm  
img/ownwalls/grass.ppm  
img/ownwalls/grass.ppm  
img/ownwalls/grass.ppm  
img/ownwalls/grass.ppm  
img/ownwalls/grass.ppm  
img/ownwalls/grass.ppm  
img/ownwalls/grass.ppm img/ownwalls/bricks.ppm 
img/ownwalls/grass.ppm img/ownwalls/bricks.ppm 
img/ownwalls/grass.ppm img/ownwalls/bricks.ppm 
img/ownwalls/grass.ppm img/ownwalls/bricks.ppm 
img/ownwalls/grass.ppm img/ownwalls/bricks.ppm 
img/ownwalls/grass.ppm img/ownwalls/bricks.ppm 
img/ownwalls/grass.ppm img/ownwalls/bricks.ppm 
img/ownwalls/grass.ppm img/ownwalls/bricks.ppm 
img/ownwalls/grass.ppm img/ownwalls/bricks.ppm 
img/ownwalls/grass.ppm img/ownwalls/bricks.ppm 
img/ownwalls/grass.ppm img/ownwalls/bricks.ppm 
img/ownwalls/grass.ppm img/ownwalls/bricks.ppm 
img/ownwalls/grass.ppm img/ownwalls/bricks.ppm 
img/ownwalls/grass.ppm img/ownwalls/bricks.ppm 
img/ownwalls/grass.ppm img/ownwalls/bricks.ppm 
img/ownwalls/grass.ppm img/ownwalls/bricks.ppm 
img/ownwalls/grass.ppm img/ownwalls/bricks.ppm 
img/ownwalls/grass.ppm  
img/ownwalls/grass.ppm  
img/ownwalls/grass.ppm  
img/ownwalls/grass.ppm img/ownwalls/bricks.ppm 
img/ownwalls/grass.ppm img/ownwalls/bricks.ppm 
img/ownwalls/grass.ppm  
img/ownwalls/grass.ppm  
img/ownwalls/grass.ppm  
img/ownwalls/grass.ppm  
img/ownwalls/grass.ppm  
img/ownwalls/grass.ppm  
img/ownwalls/grass.ppm  
img/ownwalls/grass.ppm  
img/ownwalls/grass.ppm  
img/ownwalls/grass.ppm  
img/ownwalls/grass.ppm  
img/ownwalls/grass.ppm img/ownwalls/bricks.ppm 
img/ownwalls/grass.ppm img/ownwalls/bricks.ppm 
img/ownwalls/grass.ppm  
img/ownwalls/grass.ppm  
img/ownwalls/grass.ppm img/ownwalls/bricks.ppm 
img/ownwalls/grass.ppm img/ownwalls/bricks.ppm 
img/ownwalls/grass.ppm  
img/ownwalls/grass.ppm  
img/ownwalls/grass.ppm  
img/ownwalls/grass.ppm  
img/ownwalls/grass.ppm  
img/ownwalls/grass.ppm  
img/ownwalls/grass.ppm  
img/ownwalls/grass.ppm  
img/ownwalls/grass.ppm  
img/ownwalls/grass.ppm  
img/ownwalls/grass.ppm  
img/ownwalls/grass.ppm img/ownwalls/bricks.ppm 
img/ownwalls/grass.ppm img/ownwalls/bricks.ppm 
img/ownwalls/grass.ppm img/ownwalls/bricks.ppm 
img/ownwalls/grass.ppm img/ownwalls/bricks.ppm 
img/ownwalls/grass.ppm img/ownwalls/bricks.ppm 
img/ownwalls/grass.ppm img/ownwalls/bricks.ppm 
img/ownwalls/grass.ppm img/ownwalls/bricks.ppm 
img/ownwalls/grass.ppm img/ownwalls/bricks.ppm 
img/ownwalls/grass.ppm img/ownwalls/bricks.ppm 
img/ownwalls/grass.ppm img/ownwalls/bricks.ppm 
img/ownwalls/grass.ppm img/ownwalls/bricks.ppm 
img/ownwalls/grass.ppm img/ownwalls/bricks.ppm 
img/ownwalls/grass.ppm img/ownwalls/bricks.ppm 
img/ownwalls/grass.ppm img/ownwalls/bricks.ppm 
img/ownwalls/grass.ppm img/ownwalls/bricks.ppm 
img/ownwalls/grass.ppm img/ownwalls/bricks.ppm 
img/ownwalls/grass.ppm img/ownwalls/bricks.ppm 
img/ownwalls/grass.ppm img/ownwalls/bricks.ppm 
img/ownwalls/grass.ppm img/ownwalls/bricks.ppm 
img/ownwalls/grass.ppm img/ownwalls/bricks.ppm 
img/ownwalls/grass.ppm img/ownwalls/bricks.ppm 
img/ownwalls/grass.ppm img/ownwalls/bricks.ppm 
img/ownwalls/grass.ppm img/ownwalls/bricks.ppm 
img/ownwalls/grass.ppm img/ownwalls/bricks.ppm 
img/ownwalls/grass.ppm img/ownwalls/bricks.ppm 
img/ownwalls/grass.ppm  
img/ownwalls/grass.ppm  
img/ownwalls/grass.ppm  
img/ownwalls/grass.ppm  
img/ownwalls/grass.ppm  
img/ownwalls/grass.ppm  
img/ownwalls/grass.ppm  
img/ownwalls/grass.ppm img/ownwalls/bricks.ppm 
img/ownwalls/grass.ppm img/ownwalls/bricks.ppm 
img/ownwalls/grass.ppm img/ownwalls/bricks.ppm 
img/ownwalls/grass.ppm img/ownwalls/bricks.ppm 
img/ownwalls/grass.ppm img/ownwalls/bricks.ppm 
img/ownwalls/grass.ppm img/ownwalls/bricks.ppm 
img/ownwalls/grass.ppm img/ownwalls/bricks.ppm 
img/ownwalls/grass.ppm img/ownwalls/bricks.ppm 
img/ownwalls/grass.ppm  
img/ownwalls/grass.ppm  
img/ownwalls/grass.ppm  
img/ownwalls/grass.ppm  
img/ownwalls/grass.ppm  
img/ownwalls/grass.ppm  
img/ownwalls/grass.ppm  
img/ownwalls/grass.ppm  
img/ownwalls/grass.ppm  
img/ownwalls/grass.ppm  
img/ownwalls/grass.ppm  
img/ownwalls/grass.ppm img/ownwalls/bricks.ppm 
img/ownwalls/grass.ppm img/ownwalls/bricks.ppm 
img/ownwalls/grass.ppm img/ownwalls/bricks.ppm 
img/ownwalls/grass.ppm img/ownwalls/bricks.ppm 
img/ownwalls/grass.ppm img/ownwalls/bricks.ppm 
img/ownwalls/grass.ppm img/ownwalls/bricks.ppm 
img/ownwalls/grass.ppm img/ownwalls/bricks.ppm 
img/ownwalls/grass.ppm img/ownwalls/bricks.ppm 
img/ownwalls/grass.ppm img/ownwalls/bricks.ppm 
img/ownwalls/grass.ppm img/ownwalls/bricks.ppm 
img/ownwalls/grass.ppm img/ownwalls/bricks.ppm 
img/ownwalls/grass.ppm img/ownwalls/bricks.ppm 
img/ownwalls/grass.ppm img/ownwalls/bricks.ppm 
img/ownwalls/grass.ppm img/ownwalls/bricks.ppm 
img/ownwalls/grass.ppm img/ownwalls/bricks.ppm 
img/ownwalls/grass.ppm img/ownwalls/bricks.ppm 
img/ownwalls/grass.ppm img/ownwalls/bricks.ppm 
img/ownwalls/grass.ppm img/ownwalls/bricks.ppm 
img/ownwalls/grass.ppm img/ownwalls/bricks.ppm 
img/ownwalls/grass.ppm img/ownwalls/bricks.ppm 
img/ownwalls/grass.ppm img/ownwalls/bricks.ppm 
img/ownwalls/grass.ppm img/ownwalls/bricks.ppm 
img/ownwalls/grass.ppm img/ownwalls/bricks.ppm 
img/ownwalls/grass.ppm img/ownwalls/bricks.ppm 
img/ownwalls/grass.ppm  
img/ownwalls/grass.ppm  
img/ownwalls/grass.ppm  
img/ownwalls/grass.ppm  
img/ownwalls/grass.ppm  
img/ownwalls/grass.ppm img/ownwalls/bricks.ppm 
img/ownwalls/grass.ppm img/ownwalls/bricks.ppm 
img/ownwalls/grass.ppm img/ownwalls/bricks.ppm 
img/ownwalls/grass.ppm img/ownwalls/bricks.ppm 
img/ownwalls/grass.ppm img/ownwalls/bricks.ppm 
img/ownwalls/grass.ppm img/ownwalls/bricks.ppm 
img/ownwalls/grass.ppm img/ownwalls/bricks.ppm 
img/ownwalls/grass.ppm img/ownwalls/bricks.ppm 
img/ownwalls/grass.ppm img/ownwalls/bricks.ppm 
img/ownwalls/grass.ppm img/ownwalls/bricks.ppm 
img/ownwalls/grass.ppm img/ownwalls/bricks.ppm 
img/ownwalls/grass.ppm  
img/ownwalls/grass.ppm  
img/ownwalls/grass.ppm  
img/ownwalls/grass.ppm  
img/ownwalls/grass.ppm  
img/ownwalls/grass.ppm  
img/ownwalls/grass.ppm  
img/ownwalls/grass.ppm  
img/ownwalls/grass.ppm  
img/ownwalls/grass.ppm  
img/ownwalls/grass.ppm  
img/ownwalls/grass.ppm img/ownwalls/bricks.ppm 
img/ownwalls/grass.ppm img/ownwalls/bricks.ppm 
img/ownwalls/grass.ppm img/ownwalls/bricks.ppm 
img/ownwalls/grass.ppm img/ownwalls/bricks.ppm 
img/ownwalls/grass.ppm img/ownwalls/bricks.ppm 
img/ownwalls/grass.ppm img/ownwalls/bricks.ppm 
img/ownwalls/grass.ppm img/ownwalls/bricks.ppm 
img/ownwalls/grass.ppm img/ownwalls/bricks.ppm 
img/ownwalls/grass.ppm img/ownwalls/bricks.ppm 
img/ownwalls/grass.ppm img/ownwalls/bricks.ppm 
img/ownwalls/grass.ppm img/ownwalls/bricks.ppm 
img/ownwalls/grass.ppm img/ownwalls/bricks.ppm 
img/ownwalls/grass.ppm img/ownwalls/bricks.ppm 
img/ownwalls/grass.ppm img/ownwalls/bricks.ppm 
img/ownwalls/grass.ppm img/ownwalls/bricks.ppm 
img/ownwalls/grass.ppm img/ownwalls/bricks.ppm 
img/ownwalls/grass.ppm img/ownwalls/bricks.ppm 
img/ownwalls/grass.ppm img/ownwalls/bricks.ppm 
img/ownwalls/grass.ppm img/ownwalls/bricks.ppm 
img/ownwalls/grass.ppm img/ownwalls/bricks.ppm 
img/ownwalls/grass.ppm img/ownwalls/bricks.ppm 
img/ownwalls/grass.ppm img/ownwalls/bricks.ppm 
img/ownwalls/grass.ppm img/ownwalls/bricks.ppm 
img/ownwalls/grass.ppm  
img/ownwalls/grass.ppm  
img/ownwalls/grass.ppm  
img/ownwalls/grass.ppm  
img/ownwalls/grass.ppm img/ownwalls/bricks.ppm 
img/ownwalls/grass.ppm img/ownwalls/bricks.ppm 
img/ownwalls/grass.ppm img/ownwalls/bricks.ppm 
img/ownwalls/grass.ppm img/ownwalls/bricks.ppm 
img/ownwalls/grass.ppm img/ownwalls/bricks.ppm 
img/ownwalls/grass.ppm img/ownwalls/bricks.ppm 
img/ownwalls/grass.ppm img/ownwalls/bricks.ppm 
img/ownwalls/grass.ppm img/ownwalls/bricks.ppm 
img/ownwalls/grass.ppm img/ownwalls/bricks.ppm 
img/ownwalls/grass.ppm img/ownwalls/bricks.ppm 
img/ownwalls/grass.ppm img/ownwalls/bricks.ppm 
img/ownwalls/grass.ppm img/ownwalls/bricks.ppm 
img/ownwalls/grass.ppm  
img/ownwalls/grass.ppm  
img/ownwalls/grass.ppm  
img/ownwalls/grass.ppm  
img/ownwalls/grass.ppm  
img/ownwalls/grass.ppm  
img/ownwalls/grass.ppm  
img/ownwalls/grass.ppm  
img/ownwalls/grass.ppm  
img/ownwalls/grass.ppm  
img/ownwalls/grass.ppm  
img/ownwalls/grass.ppm  
img/ownwalls/grass.ppm img/ownwalls/bricks.ppm 
img/ownwalls/grass.ppm img/ownwalls/bricks.ppm 
img/ownwalls/grass.ppm img/ownwalls/bricks.ppm 
img/ownwalls/grass.ppm img/ownwalls/bricks.ppm 
img/ownwalls/grass.ppm img/ownwalls/bricks.ppm 
img/ownwalls/grass.ppm img/ownwalls/bricks.ppm 
img/ownwalls/grass.ppm img/ownwalls/bricks.ppm 
img/ownwalls/grass.ppm img/ownwalls/bricks.ppm 
img/ownwalls/grass.ppm img/ownwalls/bricks.ppm 
img/ownwalls/grass.ppm img/ownwalls/bricks.ppm 
img/ownwalls/grass.ppm img/ownwalls/bricks.ppm 
img/ownwalls/grass.ppm img/ownwalls/bricks.ppm 
img/ownwalls/grass.ppm img/ownwalls/bricks.ppm 
img/ownwalls/grass.ppm img/ownwalls/bricks.ppm 
img/ownwalls/grass.ppm img/ownwalls/bricks.ppm 
img/ownwalls/grass.ppm img/ownwalls/bricks.ppm 
img/ownwalls/grass.ppm img/ownwalls/bricks.ppm 
img/ownwalls/grass.ppm img/ownwalls/bricks.ppm 
img/ownwalls/grass.ppm img/ownwalls/bricks.ppm 
img/ownwalls/grass.ppm img/ownwalls/bricks.ppm 
img/ownwalls/grass.ppm img/ownwalls/bricks.ppm 
img/ownwalls/grass.ppm img/ownwalls/bricks.ppm 
img/ownwalls/grass.ppm  
img/ownwalls/grass.ppm  
img/ownwalls/grass.ppm  
img/ownwalls/grass.ppm  
img/ownwalls/grass.ppm img/ownwalls/bricks.ppm 
img/ownwalls/grass.ppm img/ownwalls/bricks.ppm 
img/ownwalls/grass.ppm img/ownwalls/bricks.ppm 
img/ownwalls/grass.ppm img/ownwalls/bricks.ppm 
img/ownwalls/grass.ppm img/ownwalls/bricks.ppm 
img/ownwalls/grass.ppm img/ownwalls/bricks.ppm 
img/ownwalls/grass.ppm img/ownwalls/bricks.ppm 
img/ownwalls/grass.ppm img/ownwalls/bricks.ppm 
img/ownwalls/grass.ppm img/ownwalls/bricks.ppm 
img/ownwalls/grass.ppm img/ownwalls/bricks.ppm 
img/ownwalls/grass.ppm img/ownwalls/bricks.ppm 
img/ownwalls/grass.ppm img/ownwalls/bricks.ppm 
img/ownwalls/grass.ppm  
img/ownwalls/grass.ppm  
img/ownwalls/grass.ppm  
img/ownwalls/grass.ppm  
img/ownwalls/grass.ppm  
img/ownwalls/grass.ppm  
img/ownwalls/grass.ppm  
img/ownwalls/grass.ppm  
img/ownwalls/grass.ppm  
img/ownwalls/grass.ppm  
img/ownwalls/grass.ppm  
img/ownwalls/grass.ppm  
img/ownwalls/grass.ppm  
img/ownwalls/grass.ppm img/ownwalls/bricks.ppm 
img/ownwalls/grass.ppm img/ownwalls/bricks.ppm 
img/ownwalls/grass.ppm img/ownwalls/bricks.ppm 
img/ownwalls/grass.ppm img/ownwalls/bricks.ppm 
img/ownwalls/grass.ppm img/ownwalls/bricks.ppm 
img/ownwalls/grass.ppm img/ownwalls/bricks.ppm 
img/ownwalls/grass.ppm img/ownwalls/bricks.ppm 
img/ownwalls/grass.ppm img/ownwalls/bricks.ppm 
img/ownwalls/grass.ppm img/ownwalls/bricks.ppm 
img/ownwalls/grass.ppm img/ownwalls/bricks.ppm 
img/ownwalls/grass.ppm img/ownwalls/bricks.ppm 
img/ownwalls/grass.ppm img/ownwalls/bricks.ppm 
img/ownwalls/grass.ppm img/ownwalls/bricks.ppm 
img/ownwalls/grass.ppm img/ownwalls/bricks.ppm 
img/ownwalls/grass.ppm img/ownwalls/bricks.ppm 
img/ownwalls/grass.ppm img/ownwalls/bricks.ppm 
img/ownwalls/grass.ppm img/ownwalls/bricks.ppm 
img/ownwalls/grass.ppm img/ownwalls/bricks.ppm 
img/ownwalls/grass.ppm img/ownwalls/bricks.ppm 
img/ownwalls/grass.ppm img/ownwalls/bricks.ppm 
img/ownwalls/grass.ppm img/ownwalls/bricks.ppm 
img/ownwalls/grass.ppm  
img/ownwalls/grass.ppm  
img/ownwalls/grass.ppm  
img/ownwalls/grass.ppm  
img/ownwalls/grass.ppm img/ownwalls/bricks.ppm 
img/ownwalls/grass.ppm img/ownwalls/bricks.ppm 
img/ownwalls/grass.ppm img/ownwalls/bricks.ppm 
img/ownwalls/grass.ppm img/ownwalls/bricks.ppm 
img/ownwalls/grass.ppm img/ownwalls/bricks.ppm 
img/ownwalls/grass.ppm img/ownwalls/bricks.ppm 
img/ownwalls/grass.ppm img/ownwalls/bricks.ppm 
img/ownwalls/grass.ppm img/ownwalls/bricks.ppm 
img/ownwalls/grass.ppm img/ownwalls/bricks.ppm 
img/ownwalls/grass.ppm img/ownwalls/bricks.ppm 
img/ownwalls/grass.ppm img/ownwalls/bricks.ppm 
img/ownwalls/grass.ppm img/ownwalls/bricks.ppm 
img/ownwalls/grass.ppm  
img/ownwalls/grass.ppm  
img/ownwalls/grass.ppm  
img/ownwalls/grass.ppm  
img/ownwalls/grass.ppm  
img/ownwalls/grass.ppm  
img/ownwalls/grass.ppm  
img/ownwalls/grass.ppm  
img/ownwalls/grass.ppm  
img/ownwalls/grass.ppm  
img/ownwalls/grass.ppm  
img/ownwalls/grass.ppm  
img/ownwalls/grass.ppm  
img/ownwalls/grass.ppm  
img/ownwalls/grass.ppm img/ownwalls/bricks.ppm 
img/ownwalls/grass.ppm img/ownwalls/bricks.ppm 
img/ownwalls/grass.ppm img/ownwalls/bricks.ppm 
img/ownwalls/grass.ppm img/ownwalls/bricks.ppm 
img/ownwalls/grass.ppm img/ownwalls/bricks.ppm 
img/ownwalls/grass.ppm img/ownwalls/bricks.ppm 
img/ownwalls/grass.ppm img/ownwalls/bricks.ppm 
img/ownwalls/grass.ppm img/ownwalls/bricks.ppm 
img/ownwalls/grass.ppm img/ownwalls/bricks.ppm 
img/ownwalls/grass.ppm img/ownwalls/bricks.ppm 
img/ownwalls/grass.ppm img/ownwalls/bricks.ppm 
img/ownwalls/grass.ppm img/ownwalls/bricks.ppm 
img/ownwalls/grass.ppm img/ownwalls/bricks.ppm 
img/ownwalls/grass.ppm img/ownwalls/bricks.ppm 
img/ownwalls/grass.ppm img/ownwalls/bricks.ppm 
img/ownwalls/grass.ppm img/ownwalls/bricks.ppm 
img/ownwalls/grass.ppm img/ownwalls/bricks.ppm 
img/ownwalls/grass.ppm img/ownwalls/bricks.ppm 
img/ownwalls/grass.ppm img/ownwalls/bricks.ppm 
img/ownwalls/grass.ppm img/ownwalls/bricks.ppm 
img/ownwalls/grass.ppm  
img/ownwalls/grass.ppm  
img/ownwalls/grass.ppm  
img/ownwalls/grass.ppm  
img/ownwalls/grass.ppm img/ownwalls/bricks.ppm 
img/ownwalls/grass.ppm img/ownwalls/bricks.ppm 
img/ownwalls/grass.ppm img/ownwalls/bricks.ppm 
img/ownwalls/grass.ppm img/ownwalls/bricks.ppm 
img/ownwalls/grass.ppm img/ownwalls/bricks.ppm 
img/ownwalls/grass.ppm img/ownwalls/bricks.ppm 
img/ownwalls/grass.ppm img/ownwalls/bricks.ppm 
img/ownwalls/grass.ppm img/ownwalls/bricks.ppm 
img/ownwalls/grass.ppm img/ownwalls/bricks.ppm 
img/ownwalls/grass.ppm img/ownwalls/bricks.ppm 
img/ownwalls/grass.ppm img/ownwalls/bricks.ppm 
img/ownwalls/grass.ppm  
img/ownwalls/grass.ppm  
img/ownwalls/grass.ppm  
img/ownwalls/grass.ppm  
img/ownwalls/grass.ppm  
img/ownwalls/grass.ppm  
img/ownwalls/grass.ppm  
img/ownwalls/grass.ppm  
img/ownwalls/grass.ppm  
img/ownwalls/grass.ppm  
img/ownwalls/grass.ppm  
img/ownwalls/grass.ppm  
img/ownwalls/grass.ppm  
img/ownwalls/grass.ppm  
img/ownwalls/grass.ppm  
img/ownwalls/grass.ppm img/ownwalls/bricks.ppm 
img/ownwalls/grass.ppm img/ownwalls/bricks.ppm 
img/ownwalls/grass.ppm img/ownwalls/bricks.ppm 
img/ownwalls/grass.ppm img/ownwalls/bricks.ppm 
img/ownwalls/grass.ppm img/ownwalls/bricks.ppm 
img/ownwalls/grass.ppm img/ownwalls/bricks.ppm 
img/ownwalls/grass.ppm img/ownwalls/bricks.ppm 
img/ownwalls/grass.ppm img/ownwalls/bricks.ppm 
img/ownwalls/grass.ppm img/ownwalls/bricks.ppm 
img/ownwalls/grass.ppm img/ownwalls/bricks.ppm 
img/ownwalls/grass.ppm img/ownwalls/bricks.ppm 
img/ownwalls/grass.ppm img/ownwalls/bricks.ppm 
img/ownwalls/grass.ppm img/ownwalls/bricks.ppm 
img/ownwalls/grass.ppm img/ownwalls/bricks.ppm 
img/ownwalls/grass.ppm img/ownwalls/bricks.ppm 
img/ownwalls/grass.ppm img/ownwalls/bricks.ppm 
img/ownwalls/grass.ppm img/ownwalls/bricks.ppm 
img/ownwalls/grass.ppm img/ownwalls/bricks.ppm 
img/ownwalls/grass.ppm img/ownwalls/bricks.ppm 
img/ownwalls/grass.ppm  
img/ownwalls/grass.ppm  
img/ownwalls/grass.ppm  
img/ownwalls/grass.ppm  
img/ownwalls/grass.ppm  
img/ownwalls/grass.ppm  
img/ownwalls/grass.ppm img/ownwalls/bricks.ppm 
img/ownwalls/grass.ppm img/ownwalls/bricks.ppm 
img/ownwalls/grass.ppm img/ownwalls/bricks.ppm 
img/ownwalls/grass.ppm img/ownwalls/bricks.ppm 
img/ownwalls/grass.ppm img/ownwalls/bricks.ppm 
img/ownwalls/grass.ppm img/ownwalls/bricks.ppm 
img/ownwalls/grass.ppm img/ownwalls/bricks.ppm 
img/ownwalls/grass.ppm img/ownwalls/bricks.ppm 
img/ownwalls/grass.ppm img/ownwalls/bricks.ppm 
img/ownwalls/grass.ppm  
img/ownwalls/grass.ppm  
img/ownwalls/grass.ppm  
img/ownwalls/grass.ppm  
img/ownwalls/grass.ppm  
img/ownwalls/grass.ppm  
img/ownwalls/grass.ppm  
img/ownwalls/grass.ppm  
img/ownwalls/grass.ppm  
img/ownwalls/grass.ppm  
img/ownwalls/grass.ppm  
img/ownwalls/grass.ppm  
img/ownwalls/grass.ppm  
img/ownwalls/grass.ppm  
img/ownwalls/grass.ppm  
img/ownwalls/grass.ppm  
img/ownwalls/grass.ppm  
img/ownwalls/grass.ppm img/ownwalls/bricks.ppm 
img/ownwalls/grass.ppm img/ownwalls/bricks.ppm 
img/ownwalls/grass.ppm img/ownwalls/bricks.ppm 
img/ownwalls/grass.ppm img/ownwalls/bricks.ppm 
img/ownwalls/grass.ppm img/ownwalls/bricks.ppm 
img/ownwalls/grass.ppm img/ownwalls/bricks.ppm 
img/ownwalls/grass.ppm img/ownwalls/bricks.ppm 
img/ownwalls/grass.ppm img/ownwalls/bricks.ppm 
img/ownwalls/grass.ppm img/ownwalls/bricks.ppm 
img/ownwalls/grass.ppm img/ownwalls/bricks.ppm 
img/ownwalls/grass.ppm img/ownwalls/bricks.ppm 
img/ownwalls/grass.ppm img/ownwalls/bricks.ppm 
img/ownwalls/grass.ppm img/ownwalls/bricks.ppm 
img/ownwalls/grass.ppm img/ownwalls/bricks.ppm 
img/ownwalls/grass.ppm img/ownwalls/bricks.ppm 
img/ownwalls/grass.ppm img/ownwalls/bricks.ppm 
img/ownwalls/grass.ppm img/ownwalls/bricks.ppm 
img/ownwalls/grass.ppm  
img/ownwalls/grass.ppm  
img/ownwalls/grass.ppm  
img/ownwalls/grass.ppm  
img/ownwalls/grass.ppm  
img/ownwalls/grass.ppm  
img/ownwalls/grass.ppm  
img/ownwalls/grass.ppm  
img/ownwalls/grass.ppm  
img/ownwalls/grass.ppm img/ownwalls/bricks.ppm 
img/ownwalls/grass.ppm img/ownwalls/bricks.ppm 
img/ownwalls/grass.ppm img/ownwalls/bricks.ppm 
img/ownwalls/grass.ppm img/ownwalls/bricks.ppm 
img/ownwalls/grass.ppm img/ownwalls/bricks.ppm 
img/ownwalls/grass.ppm  
img/ownwalls/grass.ppm  
img/ownwalls/grass.ppm  
img/ownwalls/grass.ppm  
img/ownwalls/grass.ppm  
img/ownwalls/grass.ppm  
img/ownwalls/grass.ppm  
img/ownwalls/grass.ppm  
img/ownwalls/grass.ppm  
img/ownwalls/grass.ppm  
img/ownwalls/grass.ppm  
img/ownwalls/grass.ppm  
img/ownwalls/grass.ppm  
img/ownwalls/grass.ppm  
img/ownwalls/grass.ppm  
img/ownwalls/grass.ppm  
img/ownwalls/grass.ppm  
img/ownwalls/grass.ppm  
img/ownwalls/grass.ppm  
img/ownwalls/grass.ppm img/ownwalls/bricks.ppm 
img/ownwalls/grass.ppm img/ownwalls/bricks.ppm 
img/ownwalls/grass.ppm img/ownwalls/bricks.ppm 
img/ownwalls/grass.ppm img/ownwalls/bricks.ppm 
img/ownwalls/grass.ppm img/ownwalls/bricks.ppm 
img/ownwalls/grass.ppm img/ownwalls/bricks.ppm 
img/ownwalls/grass.ppm img/ownwalls/bricks.ppm 
img/ownwalls/grass.ppm img/ownwalls/bricks.ppm 
img/ownwalls/grass.ppm img/ownwalls/bricks.ppm 
img/ownwalls/grass.ppm img/ownwalls/bricks.ppm 
img/ownwalls/grass.ppm img/ownwalls/bricks.ppm 
img/ownwalls/grass.ppm img/ownwalls/bricks.ppm 
img/ownwalls/grass.ppm  
img/ownwalls/grass.ppm img/ownwalls/bricks.ppm 
img/ownwalls/grass.ppm img/ownwalls/bricks.ppm 
img/ownwalls/grass.ppm img/ownwalls/bricks.ppm 
img/ownwalls/grass.ppm img/ownwalls/bricks.ppm 
img/ownwalls/grass.ppm  
img/ownwalls/grass.ppm  
img/ownwalls/grass.ppm  
img/ownwalls/grass.ppm  
img/ownwalls/grass.ppm  
img/ownwalls/grass.ppm  
img/ownwalls/grass.ppm  
img/ownwalls/grass.ppm  
img/ownwalls/grass.ppm  
img/ownwalls/grass.ppm  
img/ownwalls/grass.ppm  
img/ownwalls/grass.ppm  
img/ownwalls/grass.ppm  
img/ownwalls/grass.ppm  
img/ownwalls/grass.ppm  
img/ownwalls/grass.ppm  
img/ownwalls/grass.ppm  
img/ownwalls/grass.ppm  
img/ownwalls/grass.ppm  
img/ownwalls/grass.ppm  
img/ownwalls/grass.ppm  
img/ownwalls/grass.ppm  
img/ownwalls/grass.ppm  
img/ownwalls/grass.ppm  
img/ownwalls/grass.ppm  
img/ownwalls/grass.ppm  
img/ownwalls/grass.ppm  
img/ownwalls/grass.ppm  
img/ownwalls/grass.ppm  
img/ownwalls/grass.ppm  
img/ownwalls/grass.ppm  
img/ownwalls/grass.ppm  
img/ownwalls/grass.ppm  
img/ownwalls/grass.ppm img/ownwalls/bricks.ppm 
img/ownwalls/grass.ppm img/ownwalls/bricks.ppm 
img/ownwalls/grass.ppm img/ownwalls/bricks.ppm 
img/ownwalls/grass.ppm img/ownwalls/bricks.ppm 
img/ownwalls/grass.ppm img/ownwalls/bricks.ppm 
img/ownwalls/grass.ppm img/ownwalls/bricks.ppm 
img/ownwalls/grass.ppm img/ownwalls/bricks.ppm 
img/ownwalls/grass.ppm img/ownwalls/bricks.ppm 
img/ownwalls/grass.ppm img/ownwalls/bricks.ppm 
img/ownwalls/grass.ppm img/ownwalls/bricks.ppm 
img/ownwalls/grass.ppm  
img/ownwalls/grass.ppm  
img/ownwalls/grass.ppm  
img/ownwalls/grass.ppm  
img/ownwalls/grass.ppm  
img/ownwalls/grass.ppm  
img/ownwalls/grass.ppm  
img/ownwalls/grass.ppm  
img/ownwalls/grass.ppm  
img/ownwalls/grass.ppm  
img/ownwalls/grass.ppm  
img/ownwalls/grass.ppm  
img/ownwalls/grass.ppm  
img/ownwalls/grass.ppm  
img/ownwalls/grass.ppm  
img/ownwalls/grass.ppm  
img/ownwalls/grass.ppm  
img/ownwalls/grass.ppm  
img/ownwalls/grass.ppm  
img/ownwalls/grass.ppm  
img/ownwalls/grass.ppm  
img/ownwalls/grass.ppm  
img/ownwalls/grass.ppm  
img/ownwalls/grass.ppm  
img/ownwalls/grass.ppm  
img/ownwalls/grass.ppm  
img/ownwalls/grass.ppm  
img/ownwalls/grass.ppm  
img/ownwalls/grass.ppm  
img/ownwalls/grass.ppm  
img/ownwalls/grass.ppm  
img/ownwalls/grass.ppm  
img/ownwalls/grass.ppm  
img/ownwalls/grass.ppm  
img/ownwalls/grass.ppm  
img/ownwalls/grass.ppm  
img/ownwalls/grass.ppm  
img/ownwalls/grass.ppm  
img/ownwalls/grass.ppm  
img/ownwalls/grass.ppm  
img/ownwalls/grass.ppm img/ownwalls/bricks.ppm 
img/ownwalls/grass.ppm img/ownwalls/bricks.ppm 
img/ownwalls/grass.ppm img/ownwalls/bricks.ppm 
img/ownwalls/grass.ppm img/ownwalls/bricks.ppm 
img/ownwalls/grass.ppm img/ownwalls/bricks.ppm 
img/ownwalls/grass.ppm img/ownwalls/bricks.ppm 
img/ownwalls/grass.ppm img/ownwalls/bricks.ppm 
img/ownwalls/grass.ppm img/ownwalls/bricks.ppm 
img/ownwalls/grass.ppm img/ownwalls/bricks.ppm 
img/ownwalls/grass.ppm  
img/ownwalls/grass.ppm  
img/ownwalls/grass.ppm  
img/ownwalls/grass.ppm  
img/ownwalls/grass.ppm  
img/ownwalls/grass.ppm  
img/ownwalls/grass.ppm  
img/ownwalls/grass.ppm  
img/ownwalls/grass.ppm  
img/ownwalls/grass.ppm  
img/ownwalls/grass.ppm  
img/ownwalls/grass.ppm  
img/ownwalls/grass.ppm  
img/ownwalls/grass.ppm  
img/ownwalls/grass.ppm  
img/ownwalls/grass.ppm  
img/ownwalls/grass.ppm  
img/ownwalls/grass.ppm  
img/ownwalls/grass.ppm  
img/ownwalls/grass.ppm  
img/ownwalls/grass.ppm  
img/ownwalls/grass.ppm  
img/ownwalls/grass.ppm  
img/ownwalls/grass.ppm  
img/ownwalls/grass.ppm  
img/ownwalls/grass.ppm  
img/ownwalls/grass.ppm  
img/ownwalls/grass.ppm  
img/ownwalls/grass.ppm  
img/ownwalls/grass.ppm  
img/ownwalls/grass.ppm  
img/ownwalls/grass.ppm  
img/ownwalls/grass.ppm  
img/ownwalls/grass.ppm  
img/ownwalls/grass.ppm  
img/ownwalls/grass.ppm  
img/ownwalls/grass.ppm  
img/ownwalls/grass.ppm  
img/ownwalls/grass.ppm  
img/ownwalls/grass.ppm  
img/ownwalls/grass.ppm  
img/ownwalls/grass.ppm img/ownwalls/bricks.ppm 
img/ownwalls/grass.ppm img/ownwalls/bricks.ppm 
img/ownwalls/grass.ppm img/ownwalls/bricks.ppm 
img/ownwalls/grass.ppm img/ownwalls/bricks.ppm 
img/ownwalls/grass.ppm img/ownwalls/bricks.ppm 
img/ownwalls/grass.ppm img/ownwalls/bricks.ppm 
img/ownwalls/grass.ppm img/ownwalls/bricks.ppm 
img/ownwalls/grass.ppm img/ownwalls/bricks.ppm 
img/ownwalls/grass.ppm img/ownwalls/bricks.ppm 
img/ownwalls/grass.ppm  
img/ownwalls/grass.ppm  
img/ownwalls/grass.ppm  
img/ownwalls/grass.ppm  
img/ownwalls/grass.ppm  
img/ownwalls/grass.ppm  
img/ownwalls/grass.ppm  
img/ownwalls/grass.ppm  
img/ownwalls/grass.ppm  
img/ownwalls/grass.ppm  
img/ownwalls/grass.ppm  
img/ownwalls/grass.ppm  
img/ownwalls/grass.ppm  
img/ownwalls/grass.ppm  
img/ownwalls/grass.ppm  
img/ownwalls/grass.ppm  
img/ownwalls/grass.ppm  
img/ownwalls/grass.ppm  
img/ownwalls/grass.ppm  
img/ownwalls/grass.ppm  
img/ownwalls/grass.ppm  
img/ownwalls/grass.ppm  
img/ownwalls/grass.ppm  
img/ownwalls/grass.ppm  
img/ownwalls/grass.ppm  
img/ownwalls/grass.ppm  
img/ownwalls/grass.ppm  
img/ownwalls/grass.ppm  
img/ownwalls/grass.ppm  
img/ownwalls/grass.ppm  
img/ownwalls/grass.ppm  
img/ownwalls/grass.ppm  
img/ownwalls/grass.ppm  
img/ownwalls/grass.ppm  
img/ownwalls/grass.ppm  
img/ownwalls/grass.ppm  
img/ownwalls/grass.ppm  
img/ownwalls/grass.ppm  
img/ownwalls/grass.ppm  
img/ownwalls/grass.ppm  
img/ownwalls/grass.ppm  
img/ownwalls/grass.ppm img/ownwalls/bricks.ppm 
img/ownwalls/grass.ppm img/ownwalls/bricks.ppm 
img/ownwalls/grass.ppm img/ownwalls/bricks.ppm 
img/ownwalls/grass.ppm img/ownwalls/bricks.ppm 
img/ownwalls/grass.ppm img/ownwalls/bricks.ppm 
img/ownwalls/grass.ppm img/ownwalls/bricks.ppm 
img/ownwalls/grass.ppm img/ownwalls/bricks.ppm 
img/ownwalls/grass.ppm img/ownwalls/bricks.ppm 
img/ownwalls/grass.ppm img/ownwalls/bricks.ppm 
img/ownwalls/grass.ppm  
img/ownwalls/grass.ppm  
img/ownwalls/grass.ppm  
img/ownwalls/grass.ppm  
img/ownwalls/grass.ppm  
img/ownwalls/grass.ppm  
img/ownwalls/grass.ppm  
img/ownwalls/grass.ppm  
img/ownwalls/grass.ppm  
img/ownwalls/grass.ppm  
img/ownwalls/grass.ppm  
img/ownwalls/grass.ppm  
img/ownwalls/grass.ppm  
img/ownwalls/grass.ppm  
img/ownwalls/grass.ppm  
img/ownwalls/grass.ppm  
img/ownwalls/grass.ppm  
img/ownwalls/grass.ppm  
img/ownwalls/grass.ppm  
img/ownwalls/grass.ppm  
img/ownwalls/grass.ppm  
img/ownwalls/grass.ppm  
img/ownwalls/grass.ppm  
img/ownwalls/grass.ppm  
img/ownwalls/grass.ppm  
img/ownwalls/grass.ppm  
img/ownwalls/grass.ppm  
img/ownwalls/grass.ppm  
img/ownwalls/grass.ppm  
img/ownwalls/grass.ppm  
img/ownwalls/grass.ppm  
img/ownwalls/grass.ppm  
img/ownwalls/grass.ppm  
img/ownwalls/grass.ppm  
img/ownwalls/grass.ppm  
img/ownwalls/grass.ppm  
img/ownwalls/grass.ppm  
img/ownwalls/grass.ppm  
img/ownwalls/grass.ppm  
img/ownwalls/grass.ppm  
img/ownwalls/grass.ppm  
img/ownwalls/grass.ppm img/ownwalls/bricks.ppm 
img/ownwalls/grass.ppm img/ownwalls/bricks.ppm 
img/ownwalls/grass.ppm img/ownwalls/bricks.ppm 
img/ownwalls/grass.ppm img/ownwalls/bricks.ppm 
img/ownwalls/grass.ppm img/ownwalls/bricks.ppm 
img/ownwalls/grass.ppm img/ownwalls/bricks.ppm 
img/ownwalls/grass.ppm img/ownwalls/bricks.ppm 
img/ownwalls/grass.ppm img/ownwalls/bricks.ppm 
img/ownwalls/grass.ppm img/ownwalls/bricks.ppm 
img/ownwalls/grass.ppm  
img/ownwalls/grass.ppm  
img/ownwalls/grass.ppm  
img/ownwalls/grass.ppm  
img/ownwalls/grass.ppm  
img/ownwalls/grass.ppm  
img/ownwalls/grass.ppm  
img/ownwalls/grass.ppm  
img/ownwalls/grass.ppm  
img/ownwalls/grass.ppm  
img/ownwalls/grass.ppm  
img/ownwalls/grass.ppm  
img/ownwalls/grass.ppm  
img/ownwalls/grass.ppm  
img/ownwalls/grass.ppm  
img/ownwalls/grass.ppm  
img/ownwalls/grass.ppm  
img/ownwalls/grass.ppm  
img/ownwalls/grass.ppm  
img/ownwalls/grass.ppm  
img/ownwalls/grass.ppm  
img/ownwalls/grass.ppm  
img/ownwalls/grass.ppm  
img/ownwalls/grass.ppm  
img/ownwalls/grass.ppm  
img/ownwalls/grass.ppm  
img/ownwalls/grass.ppm  
img/ownwalls/grass.ppm  
img/ownwalls/grass.ppm  
img/ownwalls/grass.ppm  
img/ownwalls/grass.ppm  
img/ownwalls/grass.ppm  
img/ownwalls/grass.ppm  
img/ownwalls/grass.ppm  
img/ownwalls/grass.ppm  
img/ownwalls/grass.ppm  
img/ownwalls/grass.ppm  
img/ownwalls/grass.ppm  
img/ownwalls/grass.ppm  
img/ownwalls/grass.ppm  
img/ownwalls/grass.ppm img/ownwalls/bricks.ppm 
img/ownwalls/grass.ppm img/ownwalls/bricks.ppm 
img/ownwalls/grass.ppm img/ownwalls/bricks.ppm 
img/ownwalls/grass.ppm img/ownwalls/bricks.ppm 
img/ownwalls/grass.ppm img/ownwalls/bricks.ppm 
img/ownwalls/grass.ppm img/ownwalls/bricks.ppm 
img/ownwalls/grass.ppm img/ownwalls/bricks.ppm 
img/ownwalls/grass.ppm img/ownwalls/bricks.ppm 
img/ownwalls/grass.ppm img/ownwalls/bricks.ppm 
img/ownwalls/grass.ppm img/ownwalls/bricks.ppm 
img/ownwalls/grass.ppm  
img/ownwalls/grass.ppm  
img/ownwalls/grass.ppm  
img/ownwalls/grass.ppm  
img/ownwalls/grass.ppm  
img/ownwalls/grass.ppm  
img/ownwalls/grass.ppm  
img/ownwalls/grass.ppm  
img/ownwalls/grass.ppm  
img/ownwalls/grass.ppm  
img/ownwalls/grass.ppm  
img/ownwalls/grass.ppm  
img/ownwalls/grass.ppm  
img/ownwalls/grass.ppm  
img/ownwalls/grass.ppm  
img/ownwalls/grass.ppm  
img/ownwalls/grass.ppm  
img/ownwalls/grass.ppm  
img/ownwalls/grass.ppm  
img/ownwalls/grass.ppm  
img/ownwalls/grass.ppm  
img/ownwalls/grass.ppm  
img/ownwalls/grass.ppm  
img/ownwalls/grass.ppm  
img/ownwalls/grass.ppm  
img/ownwalls/grass.ppm  
img/ownwalls/grass.ppm  
img/ownwalls/grass.ppm  
img/ownwalls/grass.ppm  
img/ownwalls/grass.ppm  
img/ownwalls/grass.ppm  
img/ownwalls/grass.ppm  
img/ownwalls/grass.ppm  
img/ownwalls/grass.ppm  
img/ownwalls/grass.ppm  
img/ownwalls/grass.ppm  
img/ownwalls/grass.ppm  
img/ownwalls/grass.ppm  
img/ownwalls/grass.ppm  
img/ownwalls/grass.ppm  
img/ownwalls/grass.ppm img/ownwalls/bricks.ppm 
img/ownwalls/grass.ppm img/ownwalls/bricks.ppm 
img/ownwalls/grass.ppm img/ownwalls/bricks.ppm 
img/ownwalls/grass.ppm img/ownwalls/bricks.ppm 
img/ownwalls/grass.ppm img/ownwalls/bricks.ppm 
img/ownwalls/grass.ppm img/ownwalls/bricks.ppm 
img/ownwalls/grass.ppm img/ownwalls/bricks.ppm 
img/ownwalls/grass.ppm img/ownwalls/bricks.ppm 
img/ownwalls/grass.ppm img/ownwalls/bricks.ppm 
img/ownwalls/grass.ppm img/ownwalls/bricks.ppm 
img/ownwalls/grass.ppm  
img/ownwalls/grass.ppm  
img/ownwalls/grass.ppm  
img/ownwalls/grass.ppm  
img/ownwalls/grass.ppm  
img/ownwalls/grass.ppm  
img/ownwalls/grass.ppm  
img/ownwalls/grass.ppm  
img/ownwalls/grass.ppm  
img/ownwalls/grass.ppm  
img/ownwalls/grass.ppm  
img/ownwalls/grass.ppm  
img/ownwalls/grass.ppm  
img/ownwalls/grass.ppm  
img/ownwalls/grass.ppm  
img/ownwalls/grass.ppm  
img/ownwalls/grass.ppm  
img/ownwalls/grass.ppm  
img/ownwalls/grass.ppm  
img/ownwalls/grass.ppm  
img/ownwalls/grass.ppm  
img/ownwalls/grass.ppm  
img/ownwalls/grass.ppm  
img/ownwalls/grass.ppm  
img/ownwalls/grass.ppm  
img/ownwalls/grass.ppm  
img/ownwalls/grass.ppm  
img/ownwalls/grass.ppm  
img/ownwalls/grass.ppm  
img/ownwalls/grass.ppm  
img/ownwalls/grass.ppm  
img/ownwalls/grass.ppm  
img/ownwalls/grass.ppm  
img/ownwalls/grass.ppm  
img/ownwalls/grass.ppm  
img/ownwalls/grass.ppm  
img/ownwalls/grass.ppm  
img/ownwalls/grass.ppm  
img/ownwalls/grass.ppm  
img/ownwalls/grass.ppm img/ownwalls/bricks.ppm 
img/ownwalls/grass.ppm img/ownwalls/bricks.ppm 
img/ownwalls/grass.ppm img/ownwalls/bricks.ppm 
img/ownwalls/grass.ppm img/ownwalls/bricks.ppm 
img/ownwalls/grass.ppm img/ownwalls/bricks.ppm 
img/ownwalls/grass.ppm img/ownwalls/bricks.ppm 
img/ownwalls/grass.ppm img/ownwalls/bricks.ppm 
img/ownwalls/grass.ppm img/ownwalls/bricks.ppm 
img/ownwalls/grass.ppm img/ownwalls/bricks.ppm 
img/ownwalls/grass.ppm img/ownwalls/bricks.ppm 
img/ownwalls/grass.ppm img/ownwalls/bricks.ppm 
img/ownwalls/grass.ppm  
img/ownwalls/grass.ppm  
img/ownwalls/grass.ppm  
img/ownwalls/grass.ppm  
img/ownwalls/grass.ppm  
img/ownwalls/grass.ppm  
img/ownwalls/grass.ppm  
img/ownwalls/grass.ppm  
img/ownwalls/grass.ppm  
img/ownwalls/grass.ppm  
img/ownwalls/grass.ppm  
img/ownwalls/grass.ppm  
img/ownwalls/grass.ppm  
img/ownwalls/grass.ppm  
img/ownwalls/grass.ppm  
img/ownwalls/grass.ppm  
img/ownwalls/grass.ppm  
img/ownwalls/grass.ppm  
img/ownwalls/grass.ppm  
img/ownwalls/grass.ppm  
img/ownwalls/grass.ppm  
img/ownwalls/grass.ppm  
img/ownwalls/grass.ppm  
img/ownwalls/grass.ppm  
img/ownwalls/grass.ppm  
img/ownwalls/grass.ppm  
img/ownwalls/grass.ppm  
img/ownwalls/grass.ppm  
img/ownwalls/grass.ppm  
img/ownwalls/grass.ppm  
img/ownwalls/grass.ppm  
img/ownwalls/grass.ppm  
img/ownwalls/grass.ppm  
img/ownwalls/grass.ppm  
img/ownwalls/grass.ppm  
img/ownwalls/grass.ppm  
img/ownwalls/grass.ppm img/ownwalls/bricks.ppm 
img/ownwalls/grass.ppm img/ownwalls/bricks.ppm 
img/ownwalls/grass.ppm img/ownwalls/bricks.ppm 
img/ownwalls/grass.ppm img/ownwalls/bricks.ppm 
img/ownwalls/grass.ppm img/ownwalls/bricks.ppm 
img/ownwalls/grass.ppm img/ownwalls/bricks.ppm 
img/ownwalls/grass.ppm img/ownwalls/bricks.ppm 
img/ownwalls/grass.ppm img/ownwalls/bricks.ppm 
img/ownwalls/grass.ppm img/ownwalls/bricks.ppm 
img/ownwalls/grass.ppm img/ownwalls/bricks.ppm 
img/ownwalls/grass.ppm img/ownwalls/bricks.ppm 
img/ownwalls/grass.ppm img/ownwalls/bricks.ppm 
img/ownwalls/grass.ppm img/ownwalls/bricks.ppm 
img/ownwalls/grass.ppm img/ownwalls/bricks.ppm 
img/ownwalls/grass.ppm img/ownwalls/bricks.ppm 
img/ownwalls/grass.ppm  
img/ownwalls/grass.ppm  
img/ownwalls/grass.ppm  
img/ownwalls/grass.ppm  
img/ownwalls/grass.ppm  
img/ownwalls/grass.ppm  
img/ownwalls/grass.ppm  
img/ownwalls/grass.ppm  
img/ownwalls/grass.ppm  
img/ownwalls/grass.ppm  
img/ownwalls/grass.ppm  
img/ownwalls/grass.ppm  
img/ownwalls/grass.ppm  
img/ownwalls/grass.ppm  
img/ownwalls/grass.ppm  
img/ownwalls/grass.ppm  
img/ownwalls/grass.ppm  
img/ownwalls/grass.ppm  
img/ownwalls/grass.ppm  
img/ownwalls/grass.ppm  
img/ownwalls/grass.ppm  
img/ownwalls/grass.ppm  
img/ownwalls/grass.ppm  
img/ownwalls/grass.ppm  
img/ownwalls/grass.ppm  
img/ownwalls/grass.ppm  
img/ownwalls/grass.ppm  
img/ownwalls/grass.ppm  
img/ownwalls/grass.ppm  
img/ownwalls/grass.ppm  
img/ownwalls/grass.ppm  
img/ownwalls/grass.ppm  
img/ownwalls/grass.ppm  
img/ownwalls/grass.ppm  
img/ownwalls/grass.ppm  
img/ownwalls/grass.ppm img/ownwalls/bricks.ppm 
img/ownwalls/grass.ppm img/ownwalls/bricks.ppm 
img/ownwalls/grass.ppm img/ownwalls/bricks.ppm 
img/ownwalls/grass.ppm img/ownwalls/bricks.ppm 
img/ownwalls/grass.ppm img/ownwalls/bricks.ppm 
img/ownwalls/grass.ppm img/ownwalls/bricks.ppm 
img/ownwalls/grass.ppm img/ownwalls/bricks.ppm 
img/ownwalls/grass.ppm img/ownwalls/bricks.ppm 
img/ownwalls/grass.ppm img/ownwalls/bricks.ppm 
img/ownwalls/grass.ppm img/ownwalls/bricks.ppm 
img/ownwalls/grass.ppm img/ownwalls/bricks.ppm 
img/ownwalls/grass.ppm img/ownwalls/bricks.ppm 
img/ownwalls/grass.ppm img/ownwalls/bricks.ppm 
img/ownwalls/grass.ppm img/ownwalls/bricks.ppm 
img/ownwalls/grass.ppm img/ownwalls/bricks.ppm 
img/ownwalls/grass.ppm  
img/ownwalls/grass.ppm  
img/ownwalls/grass.ppm  
img/ownwalls/grass.ppm  
img/ownwalls/grass.ppm  
img/ownwalls/grass.ppm  
img/ownwalls/grass.ppm  
img/ownwalls/grass.ppm  
img/ownwalls/grass.ppm  
img/ownwalls/grass.ppm  
img/ownwalls/grass.ppm  
img/ownwalls/grass.ppm  
img/ownwalls/grass.ppm  
img/ownwalls/grass.ppm  
img/ownwalls/grass.ppm  
img/ownwalls/grass.ppm img/ownwalls/bricks.ppm 
img/ownwalls/grass.ppm img/ownwalls/bricks.ppm 
img/ownwalls/grass.ppm img/ownwalls/bricks.ppm 
img/ownwalls/grass.ppm  
img/ownwalls/grass.ppm  
img/ownwalls/grass.ppm  
img/ownwalls/grass.ppm  
img/ownwalls/grass.ppm  
img/ownwalls/grass.ppm  
img/ownwalls/grass.ppm  
img/ownwalls/grass.ppm  
img/ownwalls/grass.ppm  
img/ownwalls/grass.ppm  
img/ownwalls/grass.ppm  
img/ownwalls/grass.ppm  
img/ownwalls/grass.ppm  
img/ownwalls/grass.ppm  
img/ownwalls/grass.ppm  
img/ownwalls/grass.ppm  
img/ownwalls/grass.ppm  
img/ownwalls/grass.ppm img/ownwalls/bricks.ppm 
img/ownwalls/grass.ppm img/ownwalls/bricks.ppm 
img/ownwalls/grass.ppm img/ownwalls/bricks.ppm 
img/ownwalls/grass.ppm img/ownwalls/bricks.ppm 
img/ownwalls/grass.ppm img/ownwalls/bricks.ppm 
img/ownwalls/grass.ppm img/ownwalls/bricks.ppm 
img/ownwalls/grass.ppm img/ownwalls/bricks.ppm 
img/ownwalls/grass.ppm img/ownwalls/bricks.ppm 
img/ownwalls/grass.ppm img/ownwalls/bricks.ppm 
img/ownwalls/grass.ppm img/ownwalls/bricks.ppm 
img/ownwalls/grass.ppm img/ownwalls/bricks.ppm 
img/ownwalls/grass.ppm img/ownwalls/bricks.ppm 
img/ownwalls/grass.ppm img/ownwalls/bricks.ppm 
img/ownwalls/grass.ppm img/ownwalls/bricks.ppm 
img/ownwalls/grass.ppm img/ownwalls/bricks.ppm 
img/ownwalls/grass.ppm  
img/ownwalls/grass.ppm  
img/ownwalls/grass.ppm  
img/ownwalls/grass.ppm  
img/ownwalls/grass.ppm  
img/ownwalls/grass.ppm  
img/ownwalls/grass.ppm  
img/ownwalls/grass.ppm  
img/ownwalls/grass.ppm  
img/ownwalls/grass.ppm  
img/ownwalls/grass.ppm  
img/ownwalls/grass.ppm  
img/ownwalls/grass.ppm img/ownwalls/bricks.ppm 
img/ownwalls/grass.ppm  
img/ownwalls/grass.ppm img/ownwalls/bricks.ppm 
img/ownwalls/grass.ppm img/ownwalls/bricks.ppm 
img/ownwalls/grass.ppm img/ownwalls/bricks.ppm 
img/ownwalls/grass.ppm img/ownwalls/bricks.ppm 
img/ownwalls/grass.ppm  
img/ownwalls/grass.ppm  
img/ownwalls/grass.ppm  
img/ownwalls/grass.ppm img/ownwalls/bricks.ppm 
img/ownwalls/grass.ppm img/ownwalls/bricks.ppm 
img/ownwalls/grass.ppm  
img/ownwalls/grass.ppm  
img/ownwalls/grass.ppm  
img/ownwalls/grass.ppm  
img/ownwalls/grass.ppm  
img/ownwalls/grass.ppm  
img/ownwalls/grass.ppm  
img/ownwalls/grass.ppm  
img/ownwalls/grass.ppm  
img/ownwalls/grass.ppm  
img/ownwalls/grass.ppm  
img/ownwalls/grass.ppm  
img/ownwalls/grass.ppm img/ownwalls/bricks.ppm 
img/ownwalls/grass.ppm img/ownwalls/bricks.ppm 
img/ownwalls/grass.ppm img/ownwalls/bricks.ppm 
img/ownwalls/grass.ppm img/ownwalls/bricks.ppm 
img/ownwalls/grass.ppm img/ownwalls/bricks.ppm 
img/ownwalls/grass.ppm img/ownwalls/bricks.ppm 
img/ownwalls/grass.ppm img/ownwalls/bricks.ppm 
img/ownwalls/grass.ppm img/ownwalls/bricks.ppm 
img/ownwalls/grass.ppm img/ownwalls/bricks.ppm 
img/ownwalls/grass.ppm img/ownwalls/bricks.ppm 
img/ownwalls/grass.ppm img/ownwalls/bricks.ppm 
img/ownwalls/grass.ppm img/ownwalls/bricks.ppm 
img/ownwalls/grass.ppm img/ownwalls/bricks.ppm 
img/ownwalls/grass.ppm img/ownwalls/bricks.ppm 
img/ownwalls/grass.ppm img/ownwalls/bricks.ppm 
img/ownwalls/grass.ppm img/ownwalls/bricks.ppm 
img/ownwalls/grass.ppm  
img/ownwalls/grass.ppm  
img/ownwalls/grass.ppm  
img/ownwalls/grass.ppm  
img/ownwalls/grass.ppm  
img/ownwalls/grass.ppm  
img/ownwalls/grass.ppm  
img/ownwalls/grass.ppm  
img/ownwalls/grass.ppm  
img/ownwalls/grass.ppm  
img/ownwalls/grass.ppm  
img/ownwalls/grass.ppm img/ownwalls/bricks.ppm 
img/ownwalls/grass.ppm img/ownwalls/bricks.ppm 
img/ownwalls/grass.ppm img/ownwalls/bricks.ppm 
img/ownwalls/grass.ppm img/ownwalls/bricks.ppm 
img/ownwalls/grass.ppm img/ownwalls/bricks.ppm 
img/ownwalls/grass.ppm img/ownwalls/bricks.ppm 
img/ownwalls/grass.ppm  
img/ownwalls/grass.ppm  
img/ownwalls/grass.ppm  
img/ownwalls/grass.ppm img/ownwalls/bricks.ppm 
img/ownwalls/grass.ppm img/ownwalls/bricks.ppm 
img/ownwalls/grass.ppm img/ownwalls/bricks.ppm 
img/ownwalls/grass.ppm  
img/ownwalls/grass.ppm  
img/ownwalls/grass.ppm  
img/ownwalls/grass.ppm  
img/ownwalls/grass.ppm  
img/ownwalls/grass.ppm  
img/ownwalls/grass.ppm  
img/ownwalls/grass.ppm  
img/ownwalls/grass.ppm  
img/ownwalls/grass.ppm  
img/ownwalls/grass.ppm img/ownwalls/bricks.ppm 
img/ownwalls/grass.ppm img/ownwalls/bricks.ppm 
img/ownwalls/grass.ppm img/ownwalls/bricks.ppm 
img/ownwalls/grass.ppm img/ownwalls/bricks.ppm 
img/ownwalls/grass.ppm img/ownwalls/bricks.ppm 
img/ownwalls/grass.ppm img/ownwalls/bricks.ppm 
img/ownwalls/grass.ppm img/ownwalls/bricks.ppm 
img/ownwalls/grass.ppm img/ownwalls/bricks.ppm 
img/ownwalls/grass.ppm img/ownwalls/bricks.ppm 
img/ownwalls/grass.ppm img/ownwalls/bricks.ppm 
img/ownwalls/grass.ppm img/ownwalls/bricks.ppm 
img/ownwalls/grass.ppm img/ownwalls/bricks.ppm 
img/ownwalls/grass.ppm img/ownwalls/bricks.ppm 
img/ownwalls/grass.ppm img/ownwalls/bricks.ppm 
img/ownwalls/grass.ppm img/ownwalls/bricks.ppm 
img/ownwalls/grass.ppm img/ownwalls/bricks.ppm 
img/ownwalls/grass.ppm img/ownwalls/bricks.ppm 
img/ownwalls/grass.ppm img/ownwalls/bricks.ppm 
img/ownwalls/grass.ppm  
img/ownwalls/grass.ppm  
img/ownwalls/grass.ppm  
img/ownwalls/grass.ppm  
img/ownwalls/grass.ppm  
img/ownwalls/grass.ppm  
img/ownwalls/grass.ppm  
img/ownwalls/grass.ppm  
img/ownwalls/grass.ppm  
img/ownwalls/grass.ppm img/ownwalls/bricks.ppm 
img/ownwalls/grass.ppm img/ownwalls/bricks.ppm 
img/ownwalls/grass.ppm img/ownwalls/bricks.ppm 
img/ownwalls/grass.ppm img/ownwalls/bricks.ppm 
img/ownwalls/grass.ppm img/ownwalls/bricks.ppm 
img/ownwalls/grass.ppm img/ownwalls/bricks.ppm 
img/ownwalls/grass.ppm img/ownwalls/bricks.ppm 
img/ownwalls/grass.ppm img/ownwalls/bricks.ppm 
img/ownwalls/grass.ppm img/ownwalls/bricks.ppm 
img/ownwalls/grass.ppm img/ownwalls/bricks.ppm 
img/ownwalls/grass.ppm img/ownwalls/bricks.ppm 
img/ownwalls/grass.ppm img/ownwalls/bricks.ppm 
img/ownwalls/grass.ppm img/ownwalls/bricks.ppm 
img/ownwalls/grass.ppm img/ownwalls/bricks.ppm 
img/ownwalls/grass.ppm img/ownwalls/bricks.ppm 
img/ownwalls/grass.ppm  
img/ownwalls/grass.ppm  
img/ownwalls/grass.ppm  
img/ownwalls/grass.ppm  
img/ownwalls/grass.ppm  
img/ownwalls/grass.ppm  
img/ownwalls/grass.ppm  
img/ownwalls/grass.ppm  
img/ownwalls/grass.ppm img/ownwalls/bricks.ppm 
img/ownwalls/grass.ppm img/ownwalls/bricks.ppm 
img/ownwalls/grass.ppm img/ownwalls/bricks.ppm 
img/ownwalls/grass.ppm img/ownwalls/bricks.ppm 
img/ownwalls/grass.ppm img/ownwalls/bricks.ppm 
img/ownwalls/grass.ppm img/ownwalls/bricks.ppm 
img/ownwalls/grass.ppm img/ownwalls/bricks.ppm 
img/ownwalls/grass.ppm img/ownwalls/bricks.ppm 
img/ownwalls/grass.ppm img/ownwalls/bricks.ppm 
img/ownwalls/grass.ppm img/ownwalls/bricks.ppm 
img/ownwalls/grass.ppm img/ownwalls/bricks.ppm 
img/ownwalls/grass.ppm img/ownwalls/bricks.ppm 
img/ownwalls/grass.ppm img/ownwalls/bricks.ppm 
img/ownwalls/grass.ppm img/ownwalls/bricks.ppm 
img/ownwalls/grass.ppm img/ownwalls/bricks.ppm 
img/ownwalls/grass.ppm img/ownwalls/bricks.ppm 
img/ownwalls/grass.ppm img/ownwalls/bricks.ppm 
img/ownwalls/grass.ppm img/ownwalls/bricks.ppm 
img/ownwalls/grass.ppm img/ownwalls/bricks.ppm 
img/ownwalls/grass.ppm img/ownwalls/bricks.ppm 
img/ownwalls/grass.ppm  
img/ownwalls/grass.ppm  
img/ownwalls/grass.ppm  
img/ownwalls/grass.ppm  
img/ownwalls/grass.ppm  
img/ownwalls/grass.ppm  
img/ownwalls/grass.ppm img/ownwalls/bricks.ppm 
img/ownwalls/grass.ppm img/ownwalls/bricks.ppm 
img/ownwalls/grass.ppm img/ownwalls/bricks.ppm 
img/ownwalls/grass.ppm img/ownwalls/bricks.ppm 
img/ownwalls/grass.ppm img/ownwalls/bricks.ppm 
img/ownwalls/grass.ppm img/ownwalls/bricks.ppm 
img/ownwalls/grass.ppm img/ownwalls/bricks.ppm 
img/ownwalls/grass.ppm img/ownwalls/bricks.ppm 
img/ownwalls/grass.ppm img/ownwalls/bricks.ppm 
img/ownwalls/grass.ppm img/ownwalls/bricks.ppm 
img/ownwalls/grass.ppm img/ownwalls/bricks.ppm 
img/ownwalls/grass.ppm img/ownwalls/bricks.ppm 
img/ownwalls/grass.ppm img/ownwalls/bricks.ppm 
img/ownwalls/grass.ppm img/ownwalls/bricks.ppm 
img/ownwalls/grass.ppm img/ownwalls/bricks.ppm 
img/ownwalls/grass.ppm img/ownwalls/bricks.ppm 
img/ownwalls/grass.ppm  
img/ownwalls/grass.ppm  
img/ownwalls/grass.ppm  
img/ownwalls/grass.ppm  
img/ownwalls/grass.ppm  
img/ownwalls/grass.ppm  
img/ownwalls/grass.ppm  
img/ownwalls/grass.ppm  
img/ownwalls/grass.ppm img/ownwalls/bricks.ppm 
img/ownwalls/grass.ppm img/ownwalls/bricks.ppm 
img/ownwalls/grass.ppm img/ownwalls/bricks.ppm 
img/ownwalls/grass.ppm img/ownwalls/bricks.ppm 
img/ownwalls/grass.ppm img/ownwalls/bricks.ppm 
img/ownwalls/grass.ppm img/ownwalls/bricks.ppm 
img/ownwalls/grass.ppm img/ownwalls/bricks.ppm 
img/ownwalls/grass.ppm img/ownwalls/bricks.ppm 
img/ownwalls/grass.ppm img/ownwalls/bricks.ppm 
img/ownwalls/grass.ppm img/ownwalls/bricks.ppm 
img/ownwalls/grass.ppm img/ownwalls/bricks.ppm 
img/ownwalls/grass.ppm img/ownwalls/bricks.ppm 
img/ownwalls/grass.ppm img/ownwalls/bricks.ppm 
img/ownwalls/grass.ppm img/ownwalls/bricks.ppm 
img/ownwalls/grass.ppm img/ownwalls/bricks.ppm 
img/ownwalls/grass.ppm img/ownwalls/bricks.ppm 
img/ownwalls/grass.ppm img/ownwalls/bricks.ppm 
img/ownwalls/grass.ppm img/ownwalls/bricks.ppm 
img/ownwalls/grass.ppm img/ownwalls/bricks.ppm 
img/ownwalls/grass.ppm img/ownwalls/bricks.ppm 
img/ownwalls/grass.ppm img/ownwalls/bricks.ppm 
img/ownwalls/grass.ppm img/ownwalls/bricks.ppm 
img/ownwalls/grass.ppm img/ownwalls/bricks.ppm 
img/ownwalls/grass.ppm img/ownwalls/bricks.ppm 
img/ownwalls/grass.ppm img/ownwalls/bricks.ppm 
img/ownwalls/grass.ppm img/ownwalls/bricks.ppm 
img/ownwalls/grass.ppm img/ownwalls/bricks.ppm 
img/ownwalls/grass.ppm img/ownwalls/bricks.ppm 
img/ownwalls/grass.ppm img/ownwalls/bricks.ppm 
img/ownwalls/grass.ppm img/ownwalls/bricks.ppm 
img/ownwalls/grass.ppm img/ownwalls/bricks.ppm 
img/ownwalls/grass.ppm img/ownwalls/bricks.ppm 
img/ownwalls/grass.ppm img/ownwalls/bricks.ppm 
img/ownwalls/grass.ppm img/ownwalls/bricks.ppm 
img/ownwalls/grass.ppm img/ownwalls/bricks.ppm 
img/ownwalls/grass.ppm img/ownwalls/bricks.ppm 
img/ownwalls/grass.ppm img/ownwalls/bricks.ppm 
img/ownwalls/grass.ppm img/ownwalls/bricks.ppm 
img/ownwalls/grass.ppm img/ownwalls/bricks.ppm 
img/ownwalls/grass.ppm img/ownwalls/bricks.ppm 
img/ownwalls/grass.ppm img/ownwalls/bricks.ppm 
img/ownwalls/grass.ppm img/ownwalls/bricks.ppm 
img/ownwalls/grass.ppm img/ownwalls/bricks.ppm 
img/ownwalls/grass.ppm  
img/ownwalls/grass.ppm  
img/ownwalls/grass.ppm  
img/ownwalls/grass.ppm  
img/ownwalls/grass.ppm  
img/ownwalls/grass.ppm  
img/ownwalls/grass.ppm img/ownwalls/bricks.ppm 
img/ownwalls/grass.ppm img/ownwalls/bricks.ppm 
img/ownwalls/grass.ppm img/ownwalls/bricks.ppm 
img/ownwalls/grass.ppm img/ownwalls/bricks.ppm 
img/ownwalls/grass.ppm img/ownwalls/bricks.ppm 
img/ownwalls/grass.ppm img/ownwalls/bricks.ppm 
img/ownwalls/grass.ppm img/ownwalls/bricks.ppm 
img/ownwalls/grass.ppm img/ownwalls/bricks.ppm 
img/ownwalls/grass.ppm img/ownwalls/bricks.ppm 
img/ownwalls/grass.ppm img/ownwalls/bricks.ppm 
img/ownwalls/grass.ppm img/ownwalls/bricks.ppm 
img/ownwalls/grass.ppm img/ownwalls/bricks.ppm 
img/ownwalls/grass.ppm img/ownwalls/bricks.ppm 
img/ownwalls/grass.ppm img/ownwalls/bricks.ppm 
img/ownwalls/grass.ppm img/ownwalls/bricks.ppm 
img/ownwalls/grass.ppm img/ownwalls/bricks.ppm 
img/ownwalls/grass.ppm img/ownwalls/bricks.ppm 
img/ownwalls/grass.ppm img/ownwalls/bricks.ppm 
img/ownwalls/grass.ppm img/ownwalls/bricks.ppm 
img/ownwalls/grass.ppm img/ownwalls/bricks.ppm 
img/ownwalls/grass.ppm img/ownwalls/bricks.ppm 
img/ownwalls/grass.ppm img/ownwalls/bricks.ppm 
img/ownwalls/grass.ppm img/ownwalls/bricks.ppm 
img/ownwalls/grass.ppm img/ownwalls/bricks.ppm 
img/ownwalls/grass.ppm img/ownwalls/bricks.ppm 
img/ownwalls/grass.ppm img/ownwalls/bricks.ppm 
img/ownwalls/grass.ppm img/ownwalls/bricks.ppm 
img/ownwalls/grass.ppm img/ownwalls/bricks.ppm 
img/ownwalls/grass.ppm img/ownwalls/bricks.ppm 
img/ownwalls/grass.ppm img/ownwalls/bricks.ppm 
img/ownwalls/grass.ppm img/ownwalls/bricks.ppm 
img/ownwalls/grass.ppm img/ownwalls/bricks.ppm 
img/ownwalls/grass.ppm img/ownwalls/bricks.ppm 
img/ownwalls/grass.ppm img/ownwalls/bricks.ppm 
img/ownwalls/grass.ppm img/ownwalls/bricks.ppm 
img/ownwalls/grass.ppm img/ownwalls/bricks.ppm 
img/ownwalls/grass.ppm img/ownwalls/bricks.ppm 
img/ownwalls/grass.ppm img/ownwalls/bricks.ppm 
img/ownwalls/grass.ppm img/ownwalls/bricks.ppm 
img/ownwalls/grass.ppm img/ownwalls/bricks.ppm 
img/ownwalls/grass.ppm img/ownwalls/bricks.ppm 
img/ownwalls/grass.ppm img/ownwalls/bricks.ppm 
img/ownwalls/grass.ppm img/ownwalls/bricks.ppm 
img/ownwalls/grass.ppm img/ownwalls/bricks.ppm 
img/ownwalls/grass.ppm img/ownwalls/bricks.ppm 
img/ownwalls/grass.ppm img/ownwalls/bricks.ppm 
img/ownwalls/grass.ppm img/ownwalls/bricks.ppm 
img/ownwalls/grass.ppm img/ownwalls/bricks.ppm 
img/ownwalls/grass.ppm img/ownwalls/bricks.ppm 
img/ownwalls/grass.ppm img/ownwalls/bricks.ppm 
img/ownwalls/grass.ppm img/ownwalls/bricks.ppm 
img/ownwalls/grass.ppm img/ownwalls/bricks.ppm 
img/ownwalls/grass.ppm img/ownwalls/bricks.ppm 
img/ownwalls/grass.ppm img/ownwalls/bricks.ppm 
img/ownwalls/grass.ppm img/ownwalls/bricks.ppm 
img/ownwalls/grass.ppm img/ownwalls/bricks.ppm 
img/ownwalls/grass.ppm img/ownwalls/bricks.ppm 
img/ownwalls/grass.ppm img/ownwalls/bricks.ppm 
img/ownwalls/grass.ppm img/ownwalls/bricks.ppm 
img/ownwalls/grass.ppm img/ownwalls/bricks.ppm 
img/ownwalls/grass.ppm img/ownwalls/bricks.ppm 
img/ownwalls/grass.ppm img/ownwalls/bricks.ppm 
img/ownwalls/grass.ppm img/ownwalls/bricks.ppm 
img/ownwalls/grass.ppm img/ownwalls/bricks.ppm 
img/ownwalls/grass.ppm img/ownwalls/bricks.ppm 
img/ownwalls/grass.ppm img/ownwalls/bricks.ppm 
img/ownwalls/grass.ppm img/ownwalls/bricks.ppm 
img/ownwalls/grass.ppm img/ownwalls/bricks.ppm 
img/ownwalls/grass.ppm img/ownwalls/bricks.ppm 
img/ownwalls/grass.ppm img/ownwalls/bricks.ppm 
img/ownwalls/grass.ppm img/ownwalls/bricks.ppm 
img/ownwalls/grass.ppm img/ownwalls/bricks.ppm 
img/ownwalls/grass.ppm img/ownwalls/bricks.ppm 
img/ownwalls/grass.ppm img/ownwalls/bricks.ppm 
img/ownwalls/grass.ppm img/ownwalls/bricks.ppm 
img/ownwalls/grass.ppm img/ownwalls/bricks.ppm 
img/ownwalls/grass.ppm img/ownwalls/bricks.ppm 
img/ownwalls/grass.ppm img/ownwalls/bricks.ppm 
img/ownwalls/grass.ppm img/ownwalls/bricks.ppm 
img/ownwalls/grass.ppm img/ownwalls/bricks.ppm 
img/ownwalls/grass.ppm img/ownwalls/bricks.ppm 
img/ownwalls/grass.ppm img/ownwalls/bricks.ppm 
img/ownwalls/grass.ppm img/ownwalls/bricks.ppm 
img/ownwalls/grass.ppm img/ownwalls/bricks.ppm 
img/ownwalls/grass.ppm img/ownwalls/bricks.ppm 
img/ownwalls/grass.ppm img/ownwalls/bricks.ppm 
img/ownwalls/grass.ppm img/ownwalls/bricks.ppm 
img/ownwalls/grass.ppm img/ownwalls/bricks.ppm 
img/ownwalls/grass.ppm img/ownwalls/bricks.ppm 
img/ownwalls/grass.ppm img/ownwalls/bricks.ppm 
img/ownwalls/grass.ppm img/ownwalls/bricks.ppm 
img/ownwalls/grass.ppm img/ownwalls/bricks.ppm 
img/ownwalls/grass.ppm img/ownwalls/bricks.ppm 
img/ownwalls/grass.ppm img/ownwalls/bricks.ppm 
img/ownwalls/grass.ppm img/ownwalls/bricks.ppm 
img/ownwalls/grass.ppm img/ownwalls/bricks.ppm 
img/ownwalls/grass.ppm img/ownwalls/bricks.ppm 
img/ownwalls/grass.ppm img/ownwalls/bricks.ppm 
img/ownwalls/grass.ppm img/ownwalls/bricks.ppm 
img/ownwalls/grass.ppm img/ownwalls/bricks.ppm 
img/ownwalls/grass.ppm img/ownwalls/bricks.ppm 
img/ownwalls/grass.ppm img/ownwalls/bricks.ppm 
img/ownwalls/grass.ppm img/ownwalls/bricks.ppm 
img/ownwalls/grass.ppm img/ownwalls/bricks.ppm 
img/ownwalls/grass.ppm img/ownwalls/bricks.ppm 
img/ownwalls/grass.ppm img/ownwalls/bricks.ppm 
img/ownwalls/grass.ppm img/ownwalls/bricks.ppm 
img/ownwalls/grass.ppm img/ownwalls/bricks.ppm 
img/ownwalls/grass.ppm img/ownwalls/bricks.ppm 
img/ownwalls/grass.ppm img/ownwalls/bricks.ppm 
img/ownwalls/grass.ppm img/ownwalls/bricks.ppm 
img/ownwalls/grass.ppm img/ownwalls/bricks.ppm 
img/ownwalls/grass.ppm img/ownwalls/bricks.ppm 
img/ownwalls/grass.ppm img/ownwalls/bricks.ppm 
img/ownwalls/grass.ppm img/ownwalls/bricks.ppm 
img/ownwalls/grass.ppm img/ownwalls/bricks.ppm 
img/ownwalls/grass.ppm img/ownwalls/bricks.ppm 
img/ownwalls/grass.ppm img/ownwalls/bricks.ppm 
img/ownwalls/grass.ppm img/ownwalls/bricks.ppm 
img/ownwalls/grass.ppm img/ownwalls/bricks.ppm 
img/ownwalls/grass.ppm img/ownwalls/bricks.ppm 
img/ownwalls/grass.ppm img/ownwalls/bricks.ppm 
img/ownwalls/grass.ppm img/ownwalls/bricks.ppm 
img/ownwalls/grass.ppm img/ownwalls/bricks.ppm 
img/ownwalls/grass.ppm img/ownwalls/bricks.ppm 
img/ownwalls/grass.ppm img/ownwalls/bricks.ppm 
img/ownwalls/grass.ppm img/ownwalls/bricks.ppm 
img/ownwalls/grass.ppm img/ownwalls/bricks.ppm 
img/ownwalls/grass.ppm img/ownwalls/bricks.ppm 
img/ownwalls/grass.ppm img/ownwalls/bricks.ppm 
img/ownwalls/grass.ppm img/ownwalls/bricks.ppm 
img/ownwalls/grass.ppm img/ownwalls/bricks.ppm 
img/ownwalls/grass.ppm img/ownwalls/bricks.ppm 
img/ownwalls/grass.ppm img/ownwalls/bricks.ppm 
img/ownwalls/grass.ppm img/ownwalls/bricks.ppm 
img/ownwalls/grass.ppm img/ownwalls/bricks.ppm 
img/ownwalls/grass.ppm img/ownwalls/bricks.ppm 
img/ownwalls/grass.ppm img/ownwalls/bricks.ppm 
img/ownwalls/grass.ppm img/ownwalls/bricks.ppm 
img/ownwalls/grass.ppm img/ownwalls/bricks.ppm 
img/ownwalls/grass.ppm img/ownwalls/bricks.ppm 
img/ownwalls/grass.ppm img/ownwalls/bricks.ppm 
img/ownwalls/grass.ppm img/ownwalls/bricks.ppm 
img/ownwalls/grass.ppm img/ownwalls/bricks.ppm 
img/ownwalls/grass.ppm img/ownwalls/bricks.ppm 
img/ownwalls/grass.ppm img/ownwalls/bricks.ppm 
img/ownwalls/grass.ppm img/ownwalls/bricks.ppm 
img/ownwalls/grass.ppm img/ownwalls/bricks.ppm 
img/ownwalls/grass.ppm img/ownwalls/bricks.ppm 
img/ownwalls/grass.ppm img/ownwalls/bricks.ppm 
img/ownwalls/grass.ppm img/ownwalls/bricks.ppm 
img/ownwalls/grass.ppm img/ownwalls/bricks.ppm 
img/ownwalls/grass.ppm img/ownwalls/bricks.ppm 
img/ownwalls/grass.ppm img/ownwalls/bricks.ppm 
img/ownwalls/grass.ppm img/ownwalls/bricks.ppm 
img/ownwalls/grass.ppm img/ownwalls/bricks.ppm 
img/ownwalls/grass.ppm img/ownwalls/bricks.ppm 
img/ownwalls/grass.ppm img/ownwalls/bricks.ppm 
img/ownwalls/grass.ppm img/ownwalls/bricks.ppm 
img/ownwalls/grass.ppm img/ownwalls/bricks.ppm 
img/ownwalls/grass.ppm img/ownwalls/bricks.ppm 
img/ownwalls/grass.ppm img/ownwalls/bricks.ppm 
img/ownwalls/grass.ppm img/ownwalls/bricks.ppm 
img/ownwalls/grass.ppm img/ownwalls/bricks.ppm 
img/ownwalls/grass.ppm img/ownwalls/bricks.ppm 
img/ownwalls/grass.ppm img/ownwalls/bricks.ppm 
img/ownwalls/grass.ppm img/ownwalls/bricks.ppm 
img/ownwalls/grass.ppm img/ownwalls/bricks.ppm 
img/ownwalls/grass.ppm img/ownwalls/bricks.ppm 
img/ownwalls/grass.ppm img/ownwalls/bricks.ppm 
img/ownwalls/grass.ppm img/ownwalls/bricks.ppm 
img/ownwalls/grass.ppm img/ownwalls/bricks.ppm 
img/ownwalls/grass.ppm img/ownwalls/bricks.ppm 
img/ownwalls/grass.ppm img/ownwalls/bricks.ppm 
img/ownwalls/grass.ppm img/ownwalls/bricks.ppm 
img/ownwalls/grass.ppm img/ownwalls/bricks.ppm 
img/ownwalls/grass.ppm img/ownwalls/bricks.ppm 
img/ownwalls/grass.ppm img/ownwalls/bricks.ppm 
img/ownwalls/grass.ppm img/ownwalls/bricks.ppm 
img/ownwalls/grass.ppm img/ownwalls/bricks.ppm 
img/ownwalls/grass.ppm img/ownwalls/bricks.ppm 
img/ownwalls/grass.ppm img/ownwalls/bricks.ppm 
img/ownwalls/grass.ppm img/ownwalls/bricks.ppm 
img/ownwalls/grass.ppm img/ownwalls/bricks.ppm 
img/ownwalls/grass.ppm img/ownwalls/bricks.ppm 
img/ownwalls/grass.ppm img/ownwalls/bricks.ppm 
img/ownwalls/grass.ppm img/ownwalls/bricks.ppm 
img/ownwalls/grass.ppm img/ownwalls/bricks.ppm 
img/ownwalls/grass.ppm img/ownwalls/bricks.ppm 
img/ownwalls/grass.ppm img/ownwalls/bricks.ppm 
img/ownwalls/grass.ppm img/ownwalls/bricks.ppm 
img/ownwalls/grass.ppm img/ownwalls/bricks.ppm 
img/ownwalls/grass.ppm img/ownwalls/bricks.ppm 
img/ownwalls/grass.ppm img/ownwalls/bricks.ppm 
img/ownwalls/grass.ppm img/ownwalls/bricks.ppm 
img/ownwalls/grass.ppm img/ownwalls/bricks.ppm 
img/ownwalls/grass.ppm img/ownwalls/bricks.ppm 
img/ownwalls/grass.ppm img/ownwalls/bricks.ppm 
img/ownwalls/grass.ppm img/ownwalls/bricks.ppm 
img/ownwalls/grass.ppm img/ownwalls/bricks.ppm 
img/ownwalls/grass.ppm img/ownwalls/bricks.ppm 
img/ownwalls/grass.ppm img/ownwalls/bricks.ppm 
img/ownwalls/grass.ppm img/ownwalls/bricks.ppm 
img/ownwalls/grass.ppm img/ownwalls/bricks.ppm 
img/ownwalls/grass.ppm img/ownwalls/bricks.ppm 
img/ownwalls/grass.ppm img/ownwalls/bricks.ppm 
img/ownwalls/grass.ppm img/ownwalls/bricks.ppm 
img/ownwalls/grass.ppm img/ownwalls/bricks.ppm 
img/ownwalls/grass.ppm img/ownwalls/bricks.ppm 
img/ownwalls/grass.ppm img/ownwalls/bricks.ppm 
img/ownwalls/grass.ppm img/ownwalls/bricks.ppm 
img/ownwalls/grass.ppm img/ownwalls/bricks.ppm 
26 5.5 img/RandomOBJs/Sign.ppm 1 2 1 1
25 21.5 img/RandomOBJs/Sign.ppm 5