20 20
16 15
-1 0
img/wolfenstein/end.ppm img/ownwalls/bricks.ppm 
img/wolfenstein/end.ppm img/ownwalls/bricks.ppm 
img/wolfenstein/end.ppm img/ownwalls/bricks.ppm 
img/wolfenstein/end.ppm img/ownwalls/bricks.ppm 
img/wolfenstein/end.ppm img/ownwalls/bricks.ppm 
img/wolfenstein/end.ppm img/ownwalls/bricks.ppm 
img/wolfenstein/end.ppm img/ownwalls/bricks.ppm 
img/wolfenstein/end.ppm img/ownwalls/bricks.ppm 
img/wolfenstein/end.ppm img/ownwalls/bricks.ppm 
img/wolfenstein/end.ppm img/ownwalls/bricks.ppm 
img/wolfenstein/end.ppm img/ownwalls/bricks.ppm 
img/wolfenstein/end.ppm img/ownwalls/bricks.ppm 
img/wolfenstein/end.ppm img/ownwalls/bricks.ppm 
img/wolfenstein/end.ppm img/ownwalls/bricks.ppm 
img/wolfenstein/end.ppm img/ownwalls/bricks.ppm 
img/wolfenstein/end.ppm img/ownwalls/bricks.ppm 
img/wolfenstein/end.ppm img/ownwalls/bricks.ppm 
img/wolfenstein/end.ppm img/ownwalls/bricks.ppm 
img/wolfenstein/end.ppm img/ownwalls/bricks.ppm 
img/wolfenstein/end.ppm img/ownwalls/bricks.ppm 
img/wolfenstein/end.ppm img/ownwalls/bricks.ppm 
img/wolfenstein/end.ppm img/ownwalls/bricks.ppm 
img/wolfenstein/end.ppm img/ownwalls/bricks.ppm 
img/wolfenstein/end.ppm img/ownwalls/bricks.ppm 
img/wolfenstein/end.ppm img/ownwalls/bricks.ppm 
img/wolfenstein/end.ppm img/ownwalls/bricks.ppm 
img/wolfenstein/end.ppm  
img/wolfenstein/end.ppm  
img/wolfenstein/end.ppm  
img/wolfenstein/end.ppm  
img/wolfenstein/end.ppm  
img/wolfenstein/end.ppm  
img/wolfenstein/end.ppm  
img/wolfenstein/end.ppm  
img/wolfenstein/end.ppm  
img/wolfenstein/end.ppm  
img/wolfenstein/end.ppm img/ownwalls/bricks.ppm 
img/wolfenstein/end.ppm img/ownwalls/bricks.ppm 
img/wolfenstein/end.ppm img/ownwalls/bricks.ppm 
img/wolfenstein/end.ppm img/ownwalls/bricks.ppm 
img/wolfenstein/end.ppm img/ownwalls/bricks.ppm 
img/wolfenstein/end.ppm img/ownwalls/bricks.ppm 
img/wolfenstein/end.ppm img/ownwalls/bricks.ppm 
img/wolfenstein/end.ppm img/ownwalls/bricks.ppm 
img/wolfenstein/end.ppm img/ownwalls/bricks.ppm 
img/wolfenstein/end.ppm  
img/wolfenstein/end.ppm  
img/wolfenstein/end.ppm  
img/wolfenstein/end.ppm  
img/wolfenstein/end.ppm  
img/wolfenstein/end.ppm  
img/wolfenstein/end.ppm  
img/wolfenstein/end.ppm  
img/wolfenstein/end.ppm  
img/wolfenstein/end.ppm  
img/wolfenstein/end.ppm  
img/wolfenstein/end.ppm  
img/wolfenstein/end.ppm img/ownwalls/bricks.ppm 
img/wolfenstein/end.ppm img/ownwalls/bricks.ppm 
img/wolfenstein/end.ppm img/ownwalls/bricks.ppm 
img/wolfenstein/end.ppm img/ownwalls/bricks.ppm 
img/wolfenstein/end.ppm img/ownwalls/bricks.ppm 
img/wolfenstein/end.ppm img/ownwalls/bricks.ppm 
img/wolfenstein/end.ppm  
img/wolfenstein/end.ppm  
img/wolfenstein/end.ppm  
img/wolfenstein/end.ppm  
img/wolfenstein/end.ppm  
img/wolfenstein/end.ppm img/ownwalls/bricks.ppm 
img/wolfenstein/end.ppm img/ownwalls/bricks.ppm 
img/wolfenstein/end.ppm img/ownwalls/bricks.ppm 
img/wolfenstein/end.ppm img/ownwalls/bricks.ppm 
img/wolfenstein/end.ppm  
img/wolfenstein/end.ppm  
img/wolfenstein/end.ppm  
img/wolfenstein/end.ppm  
img/wolfenstein/end.ppm  
img/wolfenstein/end.ppm  
img/wolfenstein/end.ppm img/ownwalls/bricks.ppm 
img/wolfenstein/end.ppm img/ownwalls/bricks.ppm 
img/wolfenstein/end.ppm img/ownwalls/bricks.ppm 
img/wolfenstein/end.ppm img/ownwalls/bricks.ppm 
img/wolfenstein/end.ppm  
img/wolfenstein/end.ppm  
img/wolfenstein/end.ppm  
img/wolfenstein/end.ppm  
img/wolfenstein/end.ppm  
img/wolfenstein/end.ppm img/ownwalls/bricks.ppm 
img/wolfenstein/end.ppm img/ownwalls/bricks.ppm 
img/wolfenstein/end.ppm img/ownwalls/bricks.ppm 
img/wolfenstein/end.ppm img/ownwalls/bricks.ppm 
img/wolfenstein/end.ppm img/ownwalls/bricks.ppm 
img/wolfenstein/end.ppm  
img/wolfenstein/end.ppm  
img/wolfenstein/end.ppm  
img/wolfenstein/end.ppm  
img/wolfenstein/end.ppm  
img/wolfenstein/end.ppm  
img/wolfenstein/end.ppm img/ownwalls/bricks.ppm 
img/wolfenstein/end.ppm img/ownwalls/bricks.ppm 
img/wolfenstein/end.ppm img/ownwalls/bricks.ppm 
img/wolfenstein/end.ppm img/ownwalls/bricks.ppm 
img/wolfenstein/end.ppm  
img/wolfenstein/end.ppm  
img/wolfenstein/end.ppm  
img/wolfenstein/end.ppm  
img/wolfenstein/end.ppm img/ownwalls/bricks.ppm 
img/wolfenstein/end.ppm img/ownwalls/bricks.ppm 
img/wolfenstein/end.ppm img/ownwalls/bricks.ppm 
img/wolfenstein/end.ppm img/ownwalls/bricks.ppm 
img/wolfenstein/end.ppm img/ownwalls/bricks.ppm 
img/wolfenstein/end.ppm  
img/wolfenstein/end.ppm  
img/wolfenstein/end.ppm  
img/wolfenstein/end.ppm  
img/wolfenstein/end.ppm  
img/wolfenstein/end.ppm  
img/wolfenstein/end.ppm img/ownwalls/bricks.ppm 
img/wolfenstein/end.ppm img/ownwalls/bricks.ppm 
img/wolfenstein/end.ppm img/ownwalls/bricks.ppm 
img/wolfenstein/end.ppm img/ownwalls/bricks.ppm 
img/wolfenstein/end.ppm img/ownwalls/bricks.ppm 
img/wolfenstein/end.ppm  
img/wolfenstein/end.ppm  
img/wolfenstein/end.ppm  
img/wolfenstein/end.ppm  
img/wolfenstein/end.ppm img/ownwalls/bricks.ppm 
img/items/food_kiwi.ppm img/ownwalls/bricks.ppm 
img/items/food_kiwi.ppm img/ownwalls/bricks.ppm 
img/items/food_kiwi.ppm img/ownwalls/bricks.ppm 
img/items/food_kiwi.ppm  
img/items/food_kiwi.ppm  
img/items/food_kiwi.ppm  
img/wolfenstein/end.ppm  
img/wolfenstein/end.ppm  
img/wolfenstein/end.ppm  
img/wolfenstein/end.ppm  
img/wolfenstein/end.ppm img/ownwalls/bricks.ppm 
img/wolfenstein/end.ppm img/ownwalls/bricks.ppm 
img/wolfenstein/end.ppm img/ownwalls/bricks.ppm 
img/wolfenstein/end.ppm img/ownwalls/bricks.ppm 
img/wolfenstein/end.ppm  
img/wolfenstein/end.ppm  
img/wolfenstein/end.ppm  
img/wolfenstein/end.ppm  
img/wolfenstein/end.ppm img/ownwalls/bricks.ppm 
img/items/food_kiwi.ppm img/ownwalls/bricks.ppm 
img/items/food_kiwi.ppm img/ownwalls/bricks.ppm 
img/wolfenstein/end.ppm img/ownwalls/bricks.ppm 
img/wolfenstein/end.ppm  
img/wolfenstein/end.ppm  
img/wolfenstein/end.ppm  
img/items/food_kiwi.ppm  
img/items/food_kiwi.ppm  
img/wolfenstein/end.ppm  
img/wolfenstein/end.ppm  
img/wolfenstein/end.ppm img/ownwalls/bricks.ppm 
img/wolfenstein/end.ppm img/ownwalls/bricks.ppm 
img/wolfenstein/end.ppm img/ownwalls/bricks.ppm 
img/wolfenstein/end.ppm img/ownwalls/bricks.ppm 
img/wolfenstein/end.ppm img/ownwalls/bricks.ppm 
img/wolfenstein/end.ppm  
img/wolfenstein/end.ppm  
img/wolfenstein/end.ppm  
img/wolfenstein/end.ppm  
img/items/food_kiwi.ppm img/ownwalls/bricks.ppm 
img/items/food_kiwi.ppm img/ownwalls/bricks.ppm 
img/wolfenstein/end.ppm img/ownwalls/bricks.ppm 
img/wolfenstein/end.ppm  
img/wolfenstein/end.ppm  
img/wolfenstein/end.ppm  
img/wolfenstein/end.ppm  
img/wolfenstein/end.ppm  
img/items/food_kiwi.ppm  
img/wolfenstein/end.ppm  
img/wolfenstein/end.ppm  
img/wolfenstein/end.ppm img/ownwalls/bricks.ppm 
img/wolfenstein/end.ppm img/ownwalls/bricks.ppm 
img/wolfenstein/end.ppm img/ownwalls/bricks.ppm 
img/wolfenstein/end.ppm img/ownwalls/bricks.ppm 
img/wolfenstein/end.ppm img/ownwalls/bricks.ppm 
img/wolfenstein/end.ppm  
img/wolfenstein/end.ppm  
img/wolfenstein/end.ppm  
img/items/food_kiwi.ppm  
img/items/food_kiwi.ppm img/ownwalls/bricks.ppm 
img/wolfenstein/end.ppm img/ownwalls/bricks.ppm 
img/wolfenstein/end.ppm img/ownwalls/bricks.ppm 
img/wolfenstein/end.ppm  
img/wolfenstein/end.ppm  
img/wolfenstein/end.ppm  
img/wolfenstein/end.ppm  
img/wolfenstein/end.ppm  
img/items/food_kiwi.ppm  
img/wolfenstein/end.ppm  
img/wolfenstein/end.ppm  
img/wolfenstein/end.ppm img/ownwalls/bricks.ppm 
img/wolfenstein/end.ppm img/ownwalls/bricks.ppm 
img/wolfenstein/end.ppm img/ownwalls/bricks.ppm 
img/wolfenstein/end.ppm img/ownwalls/bricks.ppm 
img/wolfenstein/end.ppm img/ownwalls/bricks.ppm 
img/wolfenstein/end.ppm  
img/wolfenstein/end.ppm  
img/wolfenstein/end.ppm  
img/items/food_kiwi.ppm img/ownwalls/bricks.ppm 
img/wolfenstein/end.ppm img/ownwalls/bricks.ppm 
img/wolfenstein/end.ppm img/ownwalls/bricks.ppm 
img/wolfenstein/end.ppm img/ownwalls/bricks.ppm 
img/wolfenstein/end.ppm  
img/wolfenstein/end.ppm  
img/wolfenstein/end.ppm  
img/wolfenstein/end.ppm  
img/wolfenstein/end.ppm  
img/items/food_kiwi.ppm  
img/wolfenstein/end.ppm  
img/wolfenstein/end.ppm  
img/wolfenstein/end.ppm img/ownwalls/bricks.ppm 
img/wolfenstein/end.ppm img/ownwalls/bricks.ppm 
img/wolfenstein/end.ppm img/ownwalls/bricks.ppm 
img/wolfenstein/end.ppm img/ownwalls/bricks.ppm 
img/wolfenstein/end.ppm img/ownwalls/bricks.ppm 
img/wolfenstein/end.ppm  
img/wolfenstein/end.ppm  
img/wolfenstein/end.ppm  
img/items/food_kiwi.ppm img/ownwalls/bricks.ppm 
img/wolfenstein/end.ppm img/ownwalls/bricks.ppm 
img/wolfenstein/end.ppm img/ownwalls/bricks.ppm 
img/wolfenstein/end.ppm img/ownwalls/bricks.ppm 
img/wolfenstein/end.ppm  
img/wolfenstein/end.ppm  
img/wolfenstein/end.ppm  
img/wolfenstein/end.ppm  
img/wolfenstein/end.ppm  
img/items/food_kiwi.ppm  
img/wolfenstein/end.ppm  
img/wolfenstein/end.ppm  
img/wolfenstein/end.ppm img/ownwalls/bricks.ppm 
img/wolfenstein/end.ppm img/ownwalls/bricks.ppm 
img/wolfenstein/end.ppm img/ownwalls/bricks.ppm 
img/wolfenstein/end.ppm img/ownwalls/bricks.ppm 
img/wolfenstein/end.ppm img/ownwalls/bricks.ppm 
img/wolfenstein/end.ppm  
img/wolfenstein/end.ppm  
img/wolfenstein/end.ppm img/ownwalls/bricks.ppm 
img/wolfenstein/end.ppm img/ownwalls/bricks.ppm 
img/wolfenstein/end.ppm img/ownwalls/bricks.ppm 
img/wolfenstein/end.ppm img/ownwalls/bricks.ppm 
img/wolfenstein/end.ppm  
img/wolfenstein/end.ppm  
img/wolfenstein/end.ppm  
img/wolfenstein/end.ppm  
img/wolfenstein/end.ppm  
img/wolfenstein/end.ppm  
img/items/food_kiwi.ppm  
img/wolfenstein/end.ppm  
img/wolfenstein/end.ppm  
img/wolfenstein/end.ppm img/ownwalls/bricks.ppm 
img/wolfenstein/end.ppm img/ownwalls/bricks.ppm 
img/wolfenstein/end.ppm img/ownwalls/bricks.ppm 
img/wolfenstein/end.ppm img/ownwalls/bricks.ppm 
img/wolfenstein/end.ppm img/ownwalls/bricks.ppm 
img/wolfenstein/end.ppm  
img/wolfenstein/end.ppm img/ownwalls/bricks.ppm 
img/wolfenstein/end.ppm img/ownwalls/bricks.ppm 
img/wolfenstein/end.ppm img/ownwalls/bricks.ppm 
img/wolfenstein/end.ppm img/ownwalls/bricks.ppm 
img/wolfenstein/end.ppm img/ownwalls/bricks.ppm 
img/wolfenstein/end.ppm  
img/wolfenstein/end.ppm  
img/wolfenstein/end.ppm  
img/wolfenstein/end.ppm  
img/wolfenstein/end.ppm  
img/wolfenstein/end.ppm img/skills/tmp-slash-skill.ppm 
img/items/food_kiwi.ppm  
img/wolfenstein/end.ppm  
img/wolfenstein/end.ppm  
img/wolfenstein/end.ppm  
img/wolfenstein/end.ppm img/ownwalls/bricks.ppm 
img/wolfenstein/end.ppm img/ownwalls/bricks.ppm 
img/wolfenstein/end.ppm img/ownwalls/bricks.ppm 
img/wolfenstein/end.ppm img/ownwalls/bricks.ppm 
img/wolfenstein/end.ppm img/ownwalls/bricks.ppm 
img/wolfenstein/end.ppm img/ownwalls/bricks.ppm 
img/wolfenstein/end.ppm img/ownwalls/bricks.ppm 
img/wolfenstein/end.ppm img/ownwalls/bricks.ppm 
img/wolfenstein/end.ppm  
img/wolfenstein/end.ppm  
img/wolfenstein/end.ppm  
img/wolfenstein/end.ppm  
img/wolfenstein/end.ppm  
img/wolfenstein/end.ppm  
img/wolfenstein/end.ppm  
img/wolfenstein/end.ppm  
img/wolfenstein/end.ppm  
img/items/food_kiwi.ppm  
img/wolfenstein/end.ppm  
img/wolfenstein/end.ppm  
img/wolfenstein/end.ppm img/ownwalls/bricks.ppm 
img/wolfenstein/end.ppm img/ownwalls/bricks.ppm 
img/wolfenstein/end.ppm img/ownwalls/bricks.ppm 
img/wolfenstein/end.ppm img/ownwalls/bricks.ppm 
img/wolfenstein/end.ppm img/ownwalls/bricks.ppm 
img/wolfenstein/end.ppm img/ownwalls/bricks.ppm 
img/wolfenstein/end.ppm img/ownwalls/bricks.ppm 
img/wolfenstein/end.ppm  
img/wolfenstein/end.ppm  
img/wolfenstein/end.ppm  
img/wolfenstein/end.ppm  
img/wolfenstein/end.ppm  
img/wolfenstein/end.ppm  
img/wolfenstein/end.ppm  
img/wolfenstein/end.ppm  
img/wolfenstein/end.ppm  
img/wolfenstein/end.ppm  
img/items/food_kiwi.ppm  
img/wolfenstein/end.ppm  
img/wolfenstein/end.ppm  
img/wolfenstein/end.ppm img/ownwalls/bricks.ppm 
img/wolfenstein/end.ppm img/ownwalls/bricks.ppm 
img/wolfenstein/end.ppm img/ownwalls/bricks.ppm 
img/wolfenstein/end.ppm img/ownwalls/bricks.ppm 
img/wolfenstein/end.ppm img/ownwalls/bricks.ppm 
img/wolfenstein/end.ppm img/ownwalls/bricks.ppm 
img/wolfenstein/end.ppm  
img/wolfenstein/end.ppm  
img/wolfenstein/end.ppm  
img/wolfenstein/end.ppm  
img/wolfenstein/end.ppm  
img/wolfenstein/end.ppm img/ownwalls/bricks.ppm 
img/wolfenstein/end.ppm img/ownwalls/bricks.ppm 
img/wolfenstein/end.ppm img/ownwalls/bricks.ppm 
img/wolfenstein/end.ppm img/ownwalls/bricks.ppm 
img/wolfenstein/end.ppm  
img/wolfenstein/end.ppm  
img/wolfenstein/end.ppm  
img/wolfenstein/end.ppm  
img/wolfenstein/end.ppm  
img/wolfenstein/end.ppm img/ownwalls/bricks.ppm 
img/wolfenstein/end.ppm img/ownwalls/bricks.ppm 
img/wolfenstein/end.ppm img/ownwalls/bricks.ppm 
img/wolfenstein/end.ppm img/ownwalls/bricks.ppm 
img/wolfenstein/end.ppm img/ownwalls/bricks.ppm 
img/wolfenstein/end.ppm img/ownwalls/bricks.ppm 
img/wolfenstein/end.ppm  
img/wolfenstein/end.ppm  
img/wolfenstein/end.ppm  
img/wolfenstein/end.ppm img/ownwalls/bricks.ppm 
img/wolfenstein/end.ppm img/ownwalls/bricks.ppm 
img/wolfenstein/end.ppm img/ownwalls/bricks.ppm 
img/wolfenstein/end.ppm img/ownwalls/bricks.ppm 
img/wolfenstein/end.ppm img/ownwalls/bricks.ppm 
img/wolfenstein/end.ppm img/ownwalls/bricks.ppm 
img/wolfenstein/end.ppm img/ownwalls/bricks.ppm 
img/wolfenstein/end.ppm img/ownwalls/bricks.ppm 
img/wolfenstein/end.ppm  
img/wolfenstein/end.ppm  
img/wolfenstein/end.ppm img/ownwalls/bricks.ppm 
img/wolfenstein/end.ppm img/ownwalls/bricks.ppm 
img/wolfenstein/end.ppm img/ownwalls/bricks.ppm 
img/wolfenstein/end.ppm img/ownwalls/bricks.ppm 
img/wolfenstein/end.ppm img/ownwalls/bricks.ppm 
img/wolfenstein/end.ppm img/ownwalls/bricks.ppm 
img/wolfenstein/end.ppm img/ownwalls/bricks.ppm 
img/wolfenstein/end.ppm img/ownwalls/bricks.ppm 
img/wolfenstein/end.ppm  
img/wolfenstein/end.ppm img/ownwalls/bricks.ppm 
img/wolfenstein/end.ppm img/ownwalls/bricks.ppm 
img/wolfenstein/end.ppm img/ownwalls/bricks.ppm 
img/wolfenstein/end.ppm img/ownwalls/bricks.ppm 
img/wolfenstein/end.ppm img/ownwalls/bricks.ppm 
img/wolfenstein/end.ppm img/ownwalls/bricks.ppm 
img/wolfenstein/end.ppm img/ownwalls/bricks.ppm 
img/wolfenstein/end.ppm img/ownwalls/bricks.ppm 
img/wolfenstein/end.ppm img/ownwalls/bricks.ppm 
img/wolfenstein/end.ppm img/ownwalls/bricks.ppm 
img/wolfenstein/end.ppm img/ownwalls/bricks.ppm 
img/wolfenstein/end.ppm img/ownwalls/bricks.ppm 
img/wolfenstein/end.ppm img/ownwalls/bricks.ppm 
img/wolfenstein/end.ppm img/ownwalls/bricks.ppm 
img/wolfenstein/end.ppm img/ownwalls/bricks.ppm 
img/wolfenstein/end.ppm img/ownwalls/bricks.ppm 
img/wolfenstein/end.ppm img/ownwalls/bricks.ppm 
img/wolfenstein/end.ppm img/ownwalls/bricks.ppm 
img/wolfenstein/end.ppm img/ownwalls/bricks.ppm 
img/wolfenstein/end.ppm img/ownwalls/bricks.ppm 
img/wolfenstein/end.ppm img/ownwalls/bricks.ppm 
img/wolfenstein/end.ppm img/ownwalls/bricks.ppm 
img/wolfenstein/end.ppm img/ownwalls/bricks.ppm 
img/wolfenstein/end.ppm img/ownwalls/bricks.ppm 
img/wolfenstein/end.ppm img/ownwalls/bricks.ppm 
img/wolfenstein/end.ppm img/ownwalls/bricks.ppm 
img/wolfenstein/end.ppm img/ownwalls/bricks.ppm 
img/wolfenstein/end.ppm img/ownwalls/bricks.ppm 
img/wolfenstein/end.ppm img/ownwalls/bricks.ppm 
img/wolfenstein/end.ppm img/ownwalls/bricks.ppm 
img/wolfenstein/end.ppm img/ownwalls/bricks.ppm 
img/wolfenstein/end.ppm img/ownwalls/bricks.ppm 
img/wolfenstein/end.ppm img/ownwalls/bricks.ppm 
img/wolfenstein/end.ppm img/ownwalls/bricks.ppm 
img/wolfenstein/end.ppm img/ownwalls/bricks.ppm 
15 13.5 img/enemy/bat1.ppm-img/enemy/bat2.ppm
13.5 15.5 img/bs/bs1.ppm-img/bs/bs2.ppm-img/bs/bs3.ppm
14.627659574468 14.351063829787 img/truck/truck2.ppm-img/truck/truck3.ppm-img/truck/truck4.ppm-img/truck/truck5.ppm-img/truck/truck6.ppm-img/truck/truck7.ppm-img/truck/truck8.ppm-img/truck/truck1.ppm