12 12
10.5 2
-1 0
img/ownwalls/bricks.ppm img/ownwalls/bricks.ppm img/ownwalls/bricks.ppm
img/ownwalls/bricks.ppm img/ownwalls/bricks.ppm img/ownwalls/bricks.ppm
img/ownwalls/bricks.ppm img/ownwalls/bricks.ppm img/ownwalls/bricks.ppm
img/ownwalls/bricks.ppm img/ownwalls/bricks.ppm img/ownwalls/bricks.ppm
img/ownwalls/bricks.ppm img/ownwalls/bricks.ppm img/ownwalls/bricks.ppm
img/ownwalls/bricks.ppm img/ownwalls/bricks.ppm img/ownwalls/bricks.ppm
img/ownwalls/bricks.ppm img/ownwalls/bricks.ppm img/ownwalls/bricks.ppm
img/ownwalls/bricks.ppm img/ownwalls/bricks.ppm img/ownwalls/bricks.ppm
img/ownwalls/bricks.ppm img/ownwalls/bricks.ppm img/ownwalls/bricks.ppm
img/ownwalls/bricks.ppm img/ownwalls/bricks.ppm img/ownwalls/bricks.ppm
img/ownwalls/bricks.ppm img/ownwalls/bricks.ppm img/ownwalls/bricks.ppm
img/ownwalls/bricks.ppm img/ownwalls/bricks.ppm img/ownwalls/bricks.ppm
img/ownwalls/bricks.ppm img/ownwalls/bricks.ppm img/ownwalls/bricks.ppm
img/ownwalls/bricks.ppm  
img/ownwalls/bricks.ppm  
img/ownwalls/bricks.ppm  
img/ownwalls/bricks.ppm  
img/ownwalls/bricks.ppm  
img/ownwalls/bricks.ppm  
img/ownwalls/bricks.ppm  
img/ownwalls/bricks.ppm  
img/ownwalls/bricks.ppm  
img/ownwalls/bricks.ppm  
img/ownwalls/bricks.ppm img/Door1/bricks-Door1.ppm img/ownwalls/bricks.ppm
img/ownwalls/bricks.ppm img/ownwalls/bricks.ppm img/ownwalls/bricks.ppm
img/ownwalls/bricks.ppm  
img/ownwalls/bricks.ppm  
img/ownwalls/bricks.ppm  
img/ownwalls/bricks.ppm  
img/ownwalls/bricks.ppm  
img/ownwalls/bricks.ppm  
img/ownwalls/bricks.ppm  
img/ownwalls/bricks.ppm  
img/ownwalls/bricks.ppm  
img/ownwalls/bricks.ppm  
img/ownwalls/bricks.ppm img/Door3/bricks-Door3.ppm img/ownwalls/bricks.ppm
img/ownwalls/bricks.ppm img/ownwalls/bricks.ppm img/ownwalls/bricks.ppm
img/ownwalls/bricks.ppm  
img/ownwalls/bricks.ppm  
img/ownwalls/bricks.ppm img/ownwalls/bricks.ppm img/ownwalls/bricks.ppm
img/ownwalls/bricks.ppm img/ownwalls/bricks.ppm img/ownwalls/bricks.ppm
img/ownwalls/bricks.ppm img/ownwalls/bricks.ppm img/ownwalls/bricks.ppm
img/ownwalls/bricks.ppm img/ownwalls/bricks.ppm img/ownwalls/bricks.ppm
img/ownwalls/bricks.ppm img/ownwalls/bricks.ppm img/ownwalls/bricks.ppm
img/ownwalls/bricks.ppm img/ownwalls/bricks.ppm img/ownwalls/bricks.ppm
img/ownwalls/bricks.ppm img/ownwalls/bricks.ppm img/ownwalls/bricks.ppm
img/ownwalls/bricks.ppm img/ownwalls/bricks.ppm img/ownwalls/bricks.ppm
img/ownwalls/bricks.ppm img/ownwalls/bricks.ppm img/ownwalls/bricks.ppm
img/ownwalls/bricks.ppm img/ownwalls/bricks.ppm img/ownwalls/bricks.ppm
img/ownwalls/bricks.ppm  
img/ownwalls/bricks.ppm  
img/ownwalls/bricks.ppm img/ownwalls/bricks.ppm img/ownwalls/bricks.ppm
img/ownwalls/bricks.ppm img/ownwalls/bricks.ppm img/ownwalls/bricks.ppm
img/ownwalls/bricks.ppm img/ownwalls/bricks.ppm img/ownwalls/bricks.ppm
img/ownwalls/bricks.ppm img/ownwalls/bricks.ppm img/ownwalls/bricks.ppm
img/ownwalls/bricks.ppm img/ownwalls/bricks.ppm img/ownwalls/bricks.ppm
img/ownwalls/bricks.ppm img/ownwalls/bricks.ppm img/ownwalls/bricks.ppm
img/ownwalls/bricks.ppm img/ownwalls/bricks.ppm img/ownwalls/bricks.ppm
img/ownwalls/bricks.ppm img/ownwalls/bricks.ppm img/ownwalls/bricks.ppm
img/ownwalls/bricks.ppm img/ownwalls/bricks.ppm img/ownwalls/bricks.ppm
img/ownwalls/bricks.ppm img/ownwalls/bricks.ppm img/ownwalls/bricks.ppm
img/ownwalls/bricks.ppm  
img/ownwalls/bricks.ppm  
img/ownwalls/bricks.ppm img/ownwalls/bricks.ppm img/ownwalls/bricks.ppm
img/ownwalls/bricks.ppm img/ownwalls/bricks.ppm img/ownwalls/bricks.ppm
img/ownwalls/bricks.ppm img/ownwalls/bricks.ppm img/ownwalls/bricks.ppm
img/ownwalls/bricks.ppm img/ownwalls/bricks.ppm img/ownwalls/bricks.ppm
img/ownwalls/bricks.ppm img/ownwalls/bricks.ppm img/ownwalls/bricks.ppm
img/ownwalls/bricks.ppm img/ownwalls/bricks.ppm img/ownwalls/bricks.ppm
img/ownwalls/bricks.ppm img/ownwalls/bricks.ppm img/ownwalls/bricks.ppm
img/ownwalls/bricks.ppm img/ownwalls/bricks.ppm img/ownwalls/bricks.ppm
img/ownwalls/bricks.ppm img/ownwalls/bricks.ppm img/ownwalls/bricks.ppm
img/ownwalls/bricks.ppm img/ownwalls/bricks.ppm img/ownwalls/bricks.ppm
img/ownwalls/bricks.ppm  
img/ownwalls/bricks.ppm  
img/ownwalls/bricks.ppm img/ownwalls/bricks.ppm img/ownwalls/bricks.ppm
img/ownwalls/bricks.ppm img/ownwalls/bricks.ppm img/ownwalls/bricks.ppm
img/ownwalls/bricks.ppm img/ownwalls/bricks.ppm img/ownwalls/bricks.ppm
img/ownwalls/bricks.ppm img/ownwalls/bricks.ppm img/ownwalls/bricks.ppm
img/ownwalls/bricks.ppm img/ownwalls/bricks.ppm img/ownwalls/bricks.ppm
img/ownwalls/bricks.ppm img/ownwalls/bricks.ppm img/ownwalls/bricks.ppm
img/ownwalls/bricks.ppm img/ownwalls/bricks.ppm img/ownwalls/bricks.ppm
img/ownwalls/bricks.ppm img/ownwalls/bricks.ppm img/ownwalls/bricks.ppm
img/ownwalls/bricks.ppm img/ownwalls/bricks.ppm img/ownwalls/bricks.ppm
img/ownwalls/bricks.ppm img/ownwalls/bricks.ppm img/ownwalls/bricks.ppm
img/ownwalls/bricks.ppm  
img/ownwalls/bricks.ppm  
img/ownwalls/bricks.ppm  
img/ownwalls/bricks.ppm  
img/ownwalls/bricks.ppm  
img/ownwalls/bricks.ppm  
img/ownwalls/bricks.ppm  
img/ownwalls/bricks.ppm  
img/ownwalls/bricks.ppm  
img/ownwalls/bricks.ppm  
img/ownwalls/bricks.ppm img/ownwalls/bricks.ppm img/ownwalls/bricks.ppm
img/ownwalls/bricks.ppm img/ownwalls/bricks.ppm img/ownwalls/bricks.ppm
img/ownwalls/bricks.ppm  
img/ownwalls/bricks.ppm  
img/ownwalls/bricks.ppm  
img/ownwalls/bricks.ppm  
img/ownwalls/bricks.ppm  
img/ownwalls/bricks.ppm  
img/ownwalls/bricks.ppm  
img/ownwalls/bricks.ppm  
img/ownwalls/bricks.ppm  
img/ownwalls/bricks.ppm  
img/ownwalls/bricks.ppm img/ownwalls/bricks.ppm img/ownwalls/bricks.ppm
img/ownwalls/bricks.ppm img/ownwalls/bricks.ppm img/ownwalls/bricks.ppm
img/ownwalls/bricks.ppm  
img/ownwalls/bricks.ppm  
img/ownwalls/bricks.ppm  
img/ownwalls/bricks.ppm  
img/ownwalls/bricks.ppm  
img/ownwalls/bricks.ppm  
img/ownwalls/bricks.ppm  
img/ownwalls/bricks.ppm  
img/ownwalls/bricks.ppm  
img/ownwalls/bricks.ppm  
img/ownwalls/bricks.ppm img/ownwalls/bricks.ppm img/ownwalls/bricks.ppm
img/ownwalls/bricks.ppm img/ownwalls/bricks.ppm img/ownwalls/bricks.ppm
img/ownwalls/bricks.ppm  
img/ownwalls/bricks.ppm  
img/ownwalls/bricks.ppm  
img/ownwalls/bricks.ppm  
img/ownwalls/bricks.ppm  
img/ownwalls/bricks.ppm  
img/ownwalls/bricks.ppm  
img/ownwalls/bricks.ppm  
img/ownwalls/bricks.ppm  
img/ownwalls/bricks.ppm  
img/ownwalls/bricks.ppm img/ownwalls/bricks.ppm img/ownwalls/bricks.ppm
img/ownwalls/bricks.ppm img/ownwalls/bricks.ppm img/ownwalls/bricks.ppm
img/ownwalls/bricks.ppm img/ownwalls/bricks.ppm img/ownwalls/bricks.ppm
img/ownwalls/bricks.ppm img/ownwalls/bricks.ppm img/ownwalls/bricks.ppm
img/ownwalls/bricks.ppm img/ownwalls/bricks.ppm img/ownwalls/bricks.ppm
img/ownwalls/bricks.ppm img/ownwalls/bricks.ppm img/ownwalls/bricks.ppm
img/ownwalls/bricks.ppm img/ownwalls/bricks.ppm img/ownwalls/bricks.ppm
img/ownwalls/bricks.ppm img/ownwalls/bricks.ppm img/ownwalls/bricks.ppm
img/ownwalls/bricks.ppm img/ownwalls/bricks.ppm img/ownwalls/bricks.ppm
img/ownwalls/bricks.ppm img/ownwalls/bricks.ppm img/ownwalls/bricks.ppm
img/ownwalls/bricks.ppm img/ownwalls/bricks.ppm img/ownwalls/bricks.ppm
img/ownwalls/bricks.ppm img/ownwalls/bricks.ppm img/ownwalls/bricks.ppm
img/ownwalls/bricks.ppm img/ownwalls/bricks.ppm img/ownwalls/bricks.ppm
10.5 2 img/RandomOBJs/Sign.ppm 5