6 4
4 2
-1 0
img/ownwalls/bricks.ppm img/ownwalls/bricks.ppm img/ownwalls/bricks.ppm
img/ownwalls/bricks.ppm img/ownwalls/bricks.ppm img/ownwalls/bricks.ppm
img/ownwalls/bricks.ppm img/ownwalls/bricks.ppm img/ownwalls/bricks.ppm
img/ownwalls/bricks.ppm img/ownwalls/bricks.ppm img/ownwalls/bricks.ppm
img/ownwalls/bricks.ppm img/ownwalls/bricks.ppm img/ownwalls/bricks.ppm
img/ownwalls/bricks.ppm img/ownwalls/bricks.ppm img/ownwalls/bricks.ppm
img/ownwalls/bricks.ppm img/ownwalls/bricks.ppm img/ownwalls/bricks.ppm
img/ownwalls/bricks.ppm  img/ownwalls/bricks.ppm
img/ownwalls/bricks.ppm  img/ownwalls/bricks.ppm
img/ownwalls/bricks.ppm  img/ownwalls/bricks.ppm
img/ownwalls/bricks.ppm  img/ownwalls/bricks.ppm
img/ownwalls/bricks.ppm img/ownwalls/bricks.ppm img/ownwalls/bricks.ppm
img/ownwalls/bricks.ppm img/ownwalls/bricks.ppm img/ownwalls/bricks.ppm
img/ownwalls/bricks.ppm  img/ownwalls/bricks.ppm
img/ownwalls/bricks.ppm  img/ownwalls/bricks.ppm
img/ownwalls/bricks.ppm  img/ownwalls/bricks.ppm
img/ownwalls/bricks.ppm  img/ownwalls/bricks.ppm
img/ownwalls/bricks.ppm img/ownwalls/bricks.ppm img/ownwalls/bricks.ppm
img/ownwalls/bricks.ppm img/ownwalls/bricks.ppm img/ownwalls/bricks.ppm
img/ownwalls/bricks.ppm img/ownwalls/bricks.ppm img/ownwalls/bricks.ppm
img/ownwalls/bricks.ppm img/ownwalls/bricks.ppm img/ownwalls/bricks.ppm
img/ownwalls/bricks.ppm img/ownwalls/bricks.ppm img/ownwalls/bricks.ppm
img/ownwalls/bricks.ppm img/ownwalls/bricks.ppm img/ownwalls/bricks.ppm
img/ownwalls/bricks.ppm img/ownwalls/bricks.ppm img/ownwalls/bricks.ppm