8 4
1.5 2
1 1.2246467991474e-16
img/ownwalls/bricks.ppm img/ownwalls/bricks.ppm img/ownwalls/bricks.ppm
img/ownwalls/bricks.ppm img/ownwalls/bricks.ppm img/ownwalls/bricks.ppm
img/ownwalls/bricks.ppm img/ownwalls/bricks.ppm img/ownwalls/bricks.ppm
img/ownwalls/bricks.ppm img/ownwalls/bricks.ppm img/ownwalls/bricks.ppm
img/ownwalls/bricks.ppm img/ownwalls/bricks.ppm img/ownwalls/bricks.ppm
img/ownwalls/bricks.ppm img/ownwalls/bricks.ppm img/ownwalls/bricks.ppm
img/ownwalls/bricks.ppm img/ownwalls/bricks.ppm img/ownwalls/bricks.ppm
img/ownwalls/bricks.ppm img/ownwalls/bricks.ppm img/ownwalls/bricks.ppm
img/ownwalls/bricks.ppm img/Door1/bricks-Door1.ppm img/ownwalls/bricks.ppm
img/ownwalls/bricks.ppm  img/ownwalls/bricks.ppm
img/ownwalls/bricks.ppm  img/ownwalls/bricks.ppm
img/ownwalls/bricks.ppm  img/ownwalls/bricks.ppm
img/ownwalls/bricks.ppm  img/ownwalls/bricks.ppm
img/ownwalls/bricks.ppm  img/ownwalls/bricks.ppm
img/ownwalls/bricks.ppm  img/ownwalls/bricks.ppm
img/ownwalls/bricks.ppm img/ownwalls/bricks.ppm img/ownwalls/bricks.ppm
img/ownwalls/bricks.ppm img/Door3/bricks-Door3.ppm img/ownwalls/bricks.ppm
img/ownwalls/bricks.ppm  img/ownwalls/bricks.ppm
img/ownwalls/bricks.ppm  img/ownwalls/bricks.ppm
img/ownwalls/bricks.ppm  img/ownwalls/bricks.ppm
img/ownwalls/bricks.ppm  img/ownwalls/bricks.ppm
img/ownwalls/bricks.ppm  img/ownwalls/bricks.ppm
img/ownwalls/bricks.ppm  img/ownwalls/bricks.ppm
img/ownwalls/bricks.ppm img/ownwalls/bricks.ppm img/ownwalls/bricks.ppm
img/ownwalls/bricks.ppm img/ownwalls/bricks.ppm img/ownwalls/bricks.ppm
img/ownwalls/bricks.ppm img/ownwalls/bricks.ppm img/ownwalls/bricks.ppm
img/ownwalls/bricks.ppm img/ownwalls/bricks.ppm img/ownwalls/bricks.ppm
img/ownwalls/bricks.ppm img/ownwalls/bricks.ppm img/ownwalls/bricks.ppm
img/ownwalls/bricks.ppm img/ownwalls/bricks.ppm img/ownwalls/bricks.ppm
img/ownwalls/bricks.ppm img/ownwalls/bricks.ppm img/ownwalls/bricks.ppm
img/ownwalls/bricks.ppm img/ownwalls/bricks.ppm img/ownwalls/bricks.ppm
img/ownwalls/bricks.ppm img/ownwalls/bricks.ppm img/ownwalls/bricks.ppm
1.5 2 img/RandomOBJs/Sign.ppm 1 5 2 1
5.5 2 img/enemy/BossBat1.ppm-img/enemy/BossBat2.ppm 3 250 40 10 1000 500 250
6.5 2 img/RandomOBJs/Sign.ppm 4 8 0 1